******************************************************************************
             TMS320C2000 Linker PC v18.1.4                     
******************************************************************************
>> Linked Wed Jan  9 03:27:14 2019

OUTPUT FILE NAME:   <LAUNCHXL-F28379D_DC_motor.out>
ENTRY POINT SYMBOL: "_c_int00"  address: 0000809e


MEMORY CONFIGURATION

         name            origin    length      used     unused   attr    fill
----------------------  --------  ---------  --------  --------  ----  --------
PAGE 0:
  BEGIN                 00000000   00000002  00000002  00000000  RWIX
  RAMM0                 00000122   000002de  000002de  00000000  RWIX
  RAMLS0                00008000   00000800  000007e9  00000017  RWIX
  RAMLS1                00008800   00000800  0000071e  000000e2  RWIX
  RAMLS2                00009000   00000800  000004cc  00000334  RWIX
  RAMLS3                00009800   00000800  0000029d  00000563  RWIX
  RAMLS4                0000a000   00000800  00000014  000007ec  RWIX
  RAMD0                 0000b000   00000800  00000800  00000000  RWIX
  RESET                 003fffc0   00000002  00000000  00000002  RWIX

PAGE 1:
  BOOT_RSVD             00000002   00000120  00000000  00000120  RWIX
  RAMM1                 00000400   00000400  00000100  00000300  RWIX
  ADCA_RESULT           00000b00   00000020  00000018  00000008  RWIX
  ADCB_RESULT           00000b20   00000020  00000018  00000008  RWIX
  ADCC_RESULT           00000b40   00000020  00000018  00000008  RWIX
  ADCD_RESULT           00000b60   00000020  00000018  00000008  RWIX
  CPU_TIMER0            00000c00   00000008  00000008  00000000  RWIX
  CPU_TIMER1            00000c08   00000008  00000008  00000000  RWIX
  CPU_TIMER2            00000c10   00000008  00000008  00000000  RWIX
  PIE_CTRL              00000ce0   00000020  0000001a  00000006  RWIX
  PIE_VECT              00000d00   00000200  000001c0  00000040  RWIX
  DMA                   00001000   00000200  000000e0  00000120  RWIX
  CLA1                  00001400   00000040  0000003e  00000002  RWIX
  EPWM1                 00004000   00000100  00000100  00000000  RWIX
  EPWM2                 00004100   00000100  00000100  00000000  RWIX
  EPWM3                 00004200   00000100  00000100  00000000  RWIX
  EPWM4                 00004300   00000100  00000100  00000000  RWIX
  EPWM5                 00004400   00000100  00000100  00000000  RWIX
  EPWM6                 00004500   00000100  00000100  00000000  RWIX
  EPWM7                 00004600   00000100  00000100  00000000  RWIX
  EPWM8                 00004700   00000100  00000100  00000000  RWIX
  EPWM9                 00004800   00000100  00000100  00000000  RWIX
  EPWM10                00004900   00000100  00000100  00000000  RWIX
  EPWM11                00004a00   00000100  00000100  00000000  RWIX
  EPWM12                00004b00   00000100  00000100  00000000  RWIX
  ECAP1                 00005000   00000020  00000020  00000000  RWIX
  ECAP2                 00005020   00000020  00000020  00000000  RWIX
  ECAP3                 00005040   00000020  00000020  00000000  RWIX
  ECAP4                 00005060   00000020  00000020  00000000  RWIX
  ECAP5                 00005080   00000020  00000020  00000000  RWIX
  ECAP6                 000050a0   00000020  00000020  00000000  RWIX
  EQEP1                 00005100   00000040  00000022  0000001e  RWIX
  EQEP2                 00005140   00000040  00000022  0000001e  RWIX
  EQEP3                 00005180   00000040  00000022  0000001e  RWIX
  DACA                  00005c00   00000010  00000008  00000008  RWIX
  DACB                  00005c10   00000010  00000008  00000008  RWIX
  DACC                  00005c20   00000010  00000008  00000008  RWIX
  CMPSS1                00005c80   00000020  00000020  00000000  RWIX
  CMPSS2                00005ca0   00000020  00000020  00000000  RWIX
  CMPSS3                00005cc0   00000020  00000020  00000000  RWIX
  CMPSS4                00005ce0   00000020  00000020  00000000  RWIX
  CMPSS5                00005d00   00000020  00000020  00000000  RWIX
  CMPSS6                00005d20   00000020  00000020  00000000  RWIX
  CMPSS7                00005d40   00000020  00000020  00000000  RWIX
  CMPSS8                00005d60   00000020  00000020  00000000  RWIX
  SDFM1                 00005e00   00000080  00000080  00000000  RWIX
  SDFM2                 00005e80   00000080  00000080  00000000  RWIX
  MCBSPA                00006000   00000040  00000024  0000001c  RWIX
  MCBSPB                00006040   00000040  00000024  0000001c  RWIX
  SPIA                  00006100   00000010  00000010  00000000  RWIX
  SPIB                  00006110   00000010  00000010  00000000  RWIX
  SPIC                  00006120   00000010  00000010  00000000  RWIX
  SPID                  00006130   00000010  00000000  00000010  RWIX
  UPP                   00006200   00000100  00000048  000000b8  RWIX
  WD                    00007000   00000040  0000002b  00000015  RWIX
  NMIINTRUPT            00007060   00000010  00000007  00000009  RWIX
  XINT                  00007070   00000010  0000000b  00000005  RWIX
  SCIA                  00007200   00000010  00000010  00000000  RWIX
  SCIB                  00007210   00000010  00000010  00000000  RWIX
  SCIC                  00007220   00000010  00000010  00000000  RWIX
  SCID                  00007230   00000010  00000010  00000000  RWIX
  I2CA                  00007300   00000040  00000022  0000001e  RWIX
  I2CB                  00007340   00000040  00000022  0000001e  RWIX
  ADCA                  00007400   00000080  00000080  00000000  RWIX
  ADCB                  00007480   00000080  00000080  00000000  RWIX
  ADCC                  00007500   00000080  00000080  00000000  RWIX
  ADCD                  00007580   00000080  00000080  00000000  RWIX
  INPUT_XBAR            00007900   00000020  00000020  00000000  RWIX
  XBAR                  00007920   00000020  00000020  00000000  RWIX
  SYNC_SOC              00007940   00000010  00000006  0000000a  RWIX
  DMACLASRCSEL          00007980   00000040  0000001a  00000026  RWIX
  EPWM_XBAR             00007a00   00000040  00000040  00000000  RWIX
  CLB_XBAR              00007a40   00000040  00000000  00000040  RWIX
  OUTPUT_XBAR           00007a80   00000040  00000040  00000000  RWIX
  GPIOCTRL              00007c00   00000180  00000180  00000000  RWIX
  GPIODAT               00007f00   00000030  00000030  00000000  RWIX
  RAMLS5                0000a800   00000800  000003c1  0000043f  RWIX
  RAMD1                 0000b800   00000800  00000000  00000800  RWIX
  RAMGS0                0000c000   00001000  000000e4  00000f1c  RWIX
  RAMGS1                0000d000   00001000  00000000  00001000  RWIX
  RAMGS2                0000e000   00001000  00000000  00001000  RWIX
  RAMGS3                0000f000   00001000  00000000  00001000  RWIX
  RAMGS4                00010000   00001000  00000000  00001000  RWIX
  RAMGS5                00011000   00001000  00000000  00001000  RWIX
  RAMGS6                00012000   00001000  00000000  00001000  RWIX
  RAMGS7                00013000   00001000  00000000  00001000  RWIX
  RAMGS8                00014000   00001000  00000000  00001000  RWIX
  RAMGS9                00015000   00001000  00000000  00001000  RWIX
  RAMGS10               00016000   00001000  00000000  00001000  RWIX
  RAMGS11               00017000   00001000  00000000  00001000  RWIX
  RAMGS12               00018000   00001000  00000000  00001000  RWIX
  RAMGS13               00019000   00001000  00000000  00001000  RWIX
  RAMGS14               0001a000   00001000  00000000  00001000  RWIX
  RAMGS15               0001b000   00001000  00000000  00001000  RWIX
  CPU2TOCPU1RAM         0003f800   00000400  00000000  00000400  RWIX
  CPU1TOCPU2RAM         0003fc00   00000400  00000000  00000400  RWIX
  EMIF1                 00047000   00000800  00000070  00000790  RWIX
  EMIF2                 00047800   00000800  00000070  00000790  RWIX
  CANA                  00048000   00000800  00000164  0000069c  RWIX
  CANA_MSG_RAM          00049000   00000800  00000000  00000800  RWIX
  CANB                  0004a000   00000800  00000164  0000069c  RWIX
  CANB_MSG_RAM          0004b000   00000800  00000000  00000800  RWIX
  IPC                   00050000   00000024  00000024  00000000  RWIX
  FLASHPUMPSEMAPHORE    00050024   00000002  00000002  00000000  RWIX
  DEV_CFG               0005d000   00000180  0000012e  00000052  RWIX
  ANALOG_SUBSYS         0005d180   00000080  00000048  00000038  RWIX
  CLK_CFG               0005d200   00000100  00000032  000000ce  RWIX
  CPU_SYS               0005d300   00000100  00000082  0000007e  RWIX
  ROMPREFETCH           0005e608   00000002  00000002  00000000  RWIX
  DCSM_Z1               0005f000   00000030  00000024  0000000c  RWIX
  DCSM_Z2               0005f040   00000030  00000024  0000000c  RWIX
  DCSM_COMMON           0005f070   00000010  00000008  00000008  RWIX
  MEMCFG                0005f400   00000080  00000080  00000000  RWIX
  EMIF1CONFIG           0005f480   00000020  00000020  00000000  RWIX
  EMIF2CONFIG           0005f4a0   00000020  00000020  00000000  RWIX
  ACCESSPROTECTION      0005f4c0   00000040  00000040  00000000  RWIX
  MEMORYERROR           0005f500   00000040  00000040  00000000  RWIX
  ROMWAITSTATE          0005f540   00000002  00000002  00000000  RWIX
  FLASH0_CTRL           0005f800   00000300  00000182  0000017e  RWIX
  FLASH0_ECC            0005fb00   00000040  00000028  00000018  RWIX


SECTION ALLOCATION MAP

 output                                  attributes/
section   page    origin      length       input sections
--------  ----  ----------  ----------   ----------------
codestart 
*          0    00000000    00000002     
                  00000000    00000002     F2837xD_CodeStartBranch.obj (codestart)

.cinit     0    00000122    00000152     
                  00000122    00000072     _current_loop.obj (.cinit)
                  00000194    0000006e     _epwm.obj (.cinit)
                  00000202    00000030     _main_DC_motor.obj (.cinit)
                  00000232    0000000f     _adc.obj (.cinit)
                  00000241    0000000f     _force_loop.obj (.cinit)
                  00000250    0000000e     rts2800_fpu32.lib : exit.c.obj (.cinit)
                  0000025e    0000000a     _spi.obj (.cinit)
                  00000268    00000005     rts2800_fpu32.lib : _lock.c.obj (.cinit:__lock)
                  0000026d    00000005                       : _lock.c.obj (.cinit:__unlock)
                  00000272    00000002     --HOLE-- [fill = 0]

.pinit     0    00000122    00000000     UNINITIALIZED

.reset     0    003fffc0    00000002     DSECT
                  003fffc0    00000002     rts2800_fpu32.lib : boot28.asm.obj (.reset)

firldb_fp_c1 
*          0    00008200    00000032     UNINITIALIZED
                  00008200    00000032     _current_loop.obj (firldb_fp_c1)

firldb_fp_c2 
*          0    00008300    00000032     UNINITIALIZED
                  00008300    00000032     _current_loop.obj (firldb_fp_c2)

firfilt_fp_c1 
*          0    0000881c    0000000e     UNINITIALIZED
                  0000881c    0000000e     _current_loop.obj (firfilt_fp_c1)

firfilt_fp_c2 
*          0    0000882a    0000000e     UNINITIALIZED
                  0000882a    0000000e     _current_loop.obj (firfilt_fp_c2)

.stack     1    00000400    00000100     UNINITIALIZED
                  00000400    00000100     --HOLE--

AdcaResultFile 
*          1    00000b00    00000018     UNINITIALIZED
                  00000b00    00000018     F2837xD_GlobalVariableDefs.obj (AdcaResultFile)

AdcbResultFile 
*          1    00000b20    00000018     UNINITIALIZED
                  00000b20    00000018     F2837xD_GlobalVariableDefs.obj (AdcbResultFile)

AdccResultFile 
*          1    00000b40    00000018     UNINITIALIZED
                  00000b40    00000018     F2837xD_GlobalVariableDefs.obj (AdccResultFile)

AdcdResultFile 
*          1    00000b60    00000018     UNINITIALIZED
                  00000b60    00000018     F2837xD_GlobalVariableDefs.obj (AdcdResultFile)

.econst    1    0000a800    0000022b     
                  0000a800    000001c0     F2837xD_PieVect.obj (.econst:_PieVectTableInit)
                  0000a9c0    00000058     driverlib.lib : sysctl.obj (.econst:.string)
                  0000aa18    00000013     device.obj (.econst:.string)

.ebss      1    0000aa2c    00000196     UNINITIALIZED
                  0000aa2c    00000012     _main_DC_motor.obj (.ebss)
                  0000aa3e    00000002     rts2800_fpu32.lib : _lock.c.obj (.ebss:__lock)
                  0000aa40    00000124     _epwm.obj (.ebss)
                  0000ab64    00000018     F2837xD_CpuTimers.obj (.ebss)
                  0000ab7c    00000004     _spi.obj (.ebss)
                  0000ab80    0000002e     _current_loop.obj (.ebss)
                  0000abae    00000006     _adc.obj (.ebss)
                  0000abb4    00000006     _force_loop.obj (.ebss)
                  0000abba    00000006     rts2800_fpu32.lib : exit.c.obj (.ebss)
                  0000abc0    00000002                       : _lock.c.obj (.ebss:__unlock)

ramgs0     1    0000c000    000000e4     UNINITIALIZED
                  0000c000    00000064     _current_loop.obj (ramgs0)
                  0000c064    0000001c     --HOLE--
                  0000c080    00000064     _force_loop.obj (ramgs0)

.TI.ramfunc 
*          0    00000274    00000008     
                  00000274    00000004     F2837xD_usDelay.obj (.TI.ramfunc)
                  00000278    00000004     driverlib.lib : sysctl.obj (.TI.ramfunc)

firldb_fixp_c1 
*          0    00008000    00000032     UNINITIALIZED
                  00008000    00000032     _current_loop.obj (firldb_fixp_c1)

firldb_fixp_c2 
*          0    00008100    00000032     UNINITIALIZED
                  00008100    00000032     _current_loop.obj (firldb_fixp_c2)

firfilt_fixp_c1 
*          0    00008800    0000000e     UNINITIALIZED
                  00008800    0000000e     _current_loop.obj (firfilt_fixp_c1)

firfilt_fixp_c2 
*          0    0000880e    0000000e     UNINITIALIZED
                  0000880e    0000000e     _current_loop.obj (firfilt_fixp_c2)

coefffilt_fixp_c1 
*          0    00009000    00000032     
                  00009000    00000032     _current_loop.obj (coefffilt_fixp_c1)

coefffilt_fixp_c2 
*          0    00009100    00000032     
                  00009100    00000032     _current_loop.obj (coefffilt_fixp_c2)

coefffilt_fp_c1 
*          0    00009200    00000032     
                  00009200    00000032     _current_loop.obj (coefffilt_fp_c1)

coefffilt_fp_c2 
*          0    00009300    00000032     
                  00009300    00000032     _current_loop.obj (coefffilt_fp_c2)

dclfuncs   0    0000a000    00000014     
                  0000a000    00000014     DCL_clamp_C1.obj (dclfuncs)

GETBUFFER 
*          0    0003f800    00000000     DSECT

GETWRITEIDX 
*          0    0003f800    00000000     DSECT

PUTREADIDX 
*          0    0003f800    00000000     DSECT

CpuTimer0RegsFile 
*          1    00000c00    00000008     UNINITIALIZED
                  00000c00    00000008     F2837xD_GlobalVariableDefs.obj (CpuTimer0RegsFile)

CpuTimer1RegsFile 
*          1    00000c08    00000008     UNINITIALIZED
                  00000c08    00000008     F2837xD_GlobalVariableDefs.obj (CpuTimer1RegsFile)

CpuTimer2RegsFile 
*          1    00000c10    00000008     UNINITIALIZED
                  00000c10    00000008     F2837xD_GlobalVariableDefs.obj (CpuTimer2RegsFile)

PieCtrlRegsFile 
*          1    00000ce0    0000001a     UNINITIALIZED
                  00000ce0    0000001a     F2837xD_GlobalVariableDefs.obj (PieCtrlRegsFile)

PieVectTableFile 
*          1    00000d00    000001c0     UNINITIALIZED
                  00000d00    000001c0     F2837xD_GlobalVariableDefs.obj (PieVectTableFile)

EmuBModeVar 
*          1    00000d00    00000001     UNINITIALIZED
                  00000d00    00000001     F2837xD_GlobalVariableDefs.obj (EmuBModeVar)

EmuBootPinsVar 
*          1    00000d01    00000001     UNINITIALIZED
                  00000d01    00000001     F2837xD_GlobalVariableDefs.obj (EmuBootPinsVar)

DmaRegsFile 
*          1    00001000    000000e0     UNINITIALIZED
                  00001000    000000e0     F2837xD_GlobalVariableDefs.obj (DmaRegsFile)

Cla1RegsFile 
*          1    00001400    0000003e     UNINITIALIZED
                  00001400    0000003e     F2837xD_GlobalVariableDefs.obj (Cla1RegsFile)

EPwm1RegsFile 
*          1    00004000    00000100     UNINITIALIZED
                  00004000    00000100     F2837xD_GlobalVariableDefs.obj (EPwm1RegsFile)

EPwm2RegsFile 
*          1    00004100    00000100     UNINITIALIZED
                  00004100    00000100     F2837xD_GlobalVariableDefs.obj (EPwm2RegsFile)

EPwm3RegsFile 
*          1    00004200    00000100     UNINITIALIZED
                  00004200    00000100     F2837xD_GlobalVariableDefs.obj (EPwm3RegsFile)

EPwm4RegsFile 
*          1    00004300    00000100     UNINITIALIZED
                  00004300    00000100     F2837xD_GlobalVariableDefs.obj (EPwm4RegsFile)

EPwm5RegsFile 
*          1    00004400    00000100     UNINITIALIZED
                  00004400    00000100     F2837xD_GlobalVariableDefs.obj (EPwm5RegsFile)

EPwm6RegsFile 
*          1    00004500    00000100     UNINITIALIZED
                  00004500    00000100     F2837xD_GlobalVariableDefs.obj (EPwm6RegsFile)

EPwm7RegsFile 
*          1    00004600    00000100     UNINITIALIZED
                  00004600    00000100     F2837xD_GlobalVariableDefs.obj (EPwm7RegsFile)

EPwm8RegsFile 
*          1    00004700    00000100     UNINITIALIZED
                  00004700    00000100     F2837xD_GlobalVariableDefs.obj (EPwm8RegsFile)

EPwm9RegsFile 
*          1    00004800    00000100     UNINITIALIZED
                  00004800    00000100     F2837xD_GlobalVariableDefs.obj (EPwm9RegsFile)

EPwm10RegsFile 
*          1    00004900    00000100     UNINITIALIZED
                  00004900    00000100     F2837xD_GlobalVariableDefs.obj (EPwm10RegsFile)

EPwm11RegsFile 
*          1    00004a00    00000100     UNINITIALIZED
                  00004a00    00000100     F2837xD_GlobalVariableDefs.obj (EPwm11RegsFile)

EPwm12RegsFile 
*          1    00004b00    00000100     UNINITIALIZED
                  00004b00    00000100     F2837xD_GlobalVariableDefs.obj (EPwm12RegsFile)

ECap1RegsFile 
*          1    00005000    00000020     UNINITIALIZED
                  00005000    00000020     F2837xD_GlobalVariableDefs.obj (ECap1RegsFile)

ECap2RegsFile 
*          1    00005020    00000020     UNINITIALIZED
                  00005020    00000020     F2837xD_GlobalVariableDefs.obj (ECap2RegsFile)

ECap3RegsFile 
*          1    00005040    00000020     UNINITIALIZED
                  00005040    00000020     F2837xD_GlobalVariableDefs.obj (ECap3RegsFile)

ECap4RegsFile 
*          1    00005060    00000020     UNINITIALIZED
                  00005060    00000020     F2837xD_GlobalVariableDefs.obj (ECap4RegsFile)

ECap5RegsFile 
*          1    00005080    00000020     UNINITIALIZED
                  00005080    00000020     F2837xD_GlobalVariableDefs.obj (ECap5RegsFile)

ECap6RegsFile 
*          1    000050a0    00000020     UNINITIALIZED
                  000050a0    00000020     F2837xD_GlobalVariableDefs.obj (ECap6RegsFile)

EQep1RegsFile 
*          1    00005100    00000022     UNINITIALIZED
                  00005100    00000022     F2837xD_GlobalVariableDefs.obj (EQep1RegsFile)

EQep2RegsFile 
*          1    00005140    00000022     UNINITIALIZED
                  00005140    00000022     F2837xD_GlobalVariableDefs.obj (EQep2RegsFile)

EQep3RegsFile 
*          1    00005180    00000022     UNINITIALIZED
                  00005180    00000022     F2837xD_GlobalVariableDefs.obj (EQep3RegsFile)

DacaRegsFile 
*          1    00005c00    00000008     UNINITIALIZED
                  00005c00    00000008     F2837xD_GlobalVariableDefs.obj (DacaRegsFile)

DacbRegsFile 
*          1    00005c10    00000008     UNINITIALIZED
                  00005c10    00000008     F2837xD_GlobalVariableDefs.obj (DacbRegsFile)

DaccRegsFile 
*          1    00005c20    00000008     UNINITIALIZED
                  00005c20    00000008     F2837xD_GlobalVariableDefs.obj (DaccRegsFile)

Sdfm1RegsFile 
*          1    00005e00    00000080     UNINITIALIZED
                  00005e00    00000080     F2837xD_GlobalVariableDefs.obj (Sdfm1RegsFile)

Sdfm2RegsFile 
*          1    00005e80    00000080     UNINITIALIZED
                  00005e80    00000080     F2837xD_GlobalVariableDefs.obj (Sdfm2RegsFile)

McbspaRegsFile 
*          1    00006000    00000024     UNINITIALIZED
                  00006000    00000024     F2837xD_GlobalVariableDefs.obj (McbspaRegsFile)

McbspbRegsFile 
*          1    00006040    00000024     UNINITIALIZED
                  00006040    00000024     F2837xD_GlobalVariableDefs.obj (McbspbRegsFile)

SpiaRegsFile 
*          1    00006100    00000010     UNINITIALIZED
                  00006100    00000010     F2837xD_GlobalVariableDefs.obj (SpiaRegsFile)

SpibRegsFile 
*          1    00006110    00000010     UNINITIALIZED
                  00006110    00000010     F2837xD_GlobalVariableDefs.obj (SpibRegsFile)

SpicRegsFile 
*          1    00006120    00000010     UNINITIALIZED
                  00006120    00000010     F2837xD_GlobalVariableDefs.obj (SpicRegsFile)

UppRegsFile 
*          1    00006200    00000048     UNINITIALIZED
                  00006200    00000048     F2837xD_GlobalVariableDefs.obj (UppRegsFile)

WdRegsFile 
*          1    00007000    0000002b     UNINITIALIZED
                  00007000    0000002b     F2837xD_GlobalVariableDefs.obj (WdRegsFile)

NmiIntruptRegsFile 
*          1    00007060    00000007     UNINITIALIZED
                  00007060    00000007     F2837xD_GlobalVariableDefs.obj (NmiIntruptRegsFile)

XintRegsFile 
*          1    00007070    0000000b     UNINITIALIZED
                  00007070    0000000b     F2837xD_GlobalVariableDefs.obj (XintRegsFile)

SciaRegsFile 
*          1    00007200    00000010     UNINITIALIZED
                  00007200    00000010     F2837xD_GlobalVariableDefs.obj (SciaRegsFile)

ScibRegsFile 
*          1    00007210    00000010     UNINITIALIZED
                  00007210    00000010     F2837xD_GlobalVariableDefs.obj (ScibRegsFile)

ScicRegsFile 
*          1    00007220    00000010     UNINITIALIZED
                  00007220    00000010     F2837xD_GlobalVariableDefs.obj (ScicRegsFile)

ScidRegsFile 
*          1    00007230    00000010     UNINITIALIZED
                  00007230    00000010     F2837xD_GlobalVariableDefs.obj (ScidRegsFile)

I2caRegsFile 
*          1    00007300    00000022     UNINITIALIZED
                  00007300    00000022     F2837xD_GlobalVariableDefs.obj (I2caRegsFile)

I2cbRegsFile 
*          1    00007340    00000022     UNINITIALIZED
                  00007340    00000022     F2837xD_GlobalVariableDefs.obj (I2cbRegsFile)

AdcaRegsFile 
*          1    00007400    00000080     UNINITIALIZED
                  00007400    00000080     F2837xD_GlobalVariableDefs.obj (AdcaRegsFile)

AdcbRegsFile 
*          1    00007480    00000080     UNINITIALIZED
                  00007480    00000080     F2837xD_GlobalVariableDefs.obj (AdcbRegsFile)

AdccRegsFile 
*          1    00007500    00000080     UNINITIALIZED
                  00007500    00000080     F2837xD_GlobalVariableDefs.obj (AdccRegsFile)

AdcdRegsFile 
*          1    00007580    00000080     UNINITIALIZED
                  00007580    00000080     F2837xD_GlobalVariableDefs.obj (AdcdRegsFile)

DmaClaSrcSelRegsFile 
*          1    00007980    0000001a     UNINITIALIZED
                  00007980    0000001a     F2837xD_GlobalVariableDefs.obj (DmaClaSrcSelRegsFile)

EPwmXbarRegsFile 
*          1    00007a00    00000040     UNINITIALIZED
                  00007a00    00000040     F2837xD_GlobalVariableDefs.obj (EPwmXbarRegsFile)

Emif1RegsFile 
*          1    00047000    00000070     UNINITIALIZED
                  00047000    00000070     F2837xD_GlobalVariableDefs.obj (Emif1RegsFile)

Emif2RegsFile 
*          1    00047800    00000070     UNINITIALIZED
                  00047800    00000070     F2837xD_GlobalVariableDefs.obj (Emif2RegsFile)

CanaRegsFile 
*          1    00048000    00000164     UNINITIALIZED
                  00048000    00000164     F2837xD_GlobalVariableDefs.obj (CanaRegsFile)

CanbRegsFile 
*          1    0004a000    00000164     UNINITIALIZED
                  0004a000    00000164     F2837xD_GlobalVariableDefs.obj (CanbRegsFile)

AnalogSubsysRegsFile 
*          1    0005d180    00000048     UNINITIALIZED
                  0005d180    00000048     F2837xD_GlobalVariableDefs.obj (AnalogSubsysRegsFile)

Cla1SoftIntRegsFile 
*          1    00000ce0    00000004     DSECT
                  00000ce0    00000004     F2837xD_GlobalVariableDefs.obj (Cla1SoftIntRegsFile)

Cmpss1RegsFile 
*          1    00005c80    00000020     UNINITIALIZED
                  00005c80    00000020     F2837xD_GlobalVariableDefs.obj (Cmpss1RegsFile)

Cmpss2RegsFile 
*          1    00005ca0    00000020     UNINITIALIZED
                  00005ca0    00000020     F2837xD_GlobalVariableDefs.obj (Cmpss2RegsFile)

Cmpss3RegsFile 
*          1    00005cc0    00000020     UNINITIALIZED
                  00005cc0    00000020     F2837xD_GlobalVariableDefs.obj (Cmpss3RegsFile)

Cmpss4RegsFile 
*          1    00005ce0    00000020     UNINITIALIZED
                  00005ce0    00000020     F2837xD_GlobalVariableDefs.obj (Cmpss4RegsFile)

Cmpss5RegsFile 
*          1    00005d00    00000020     UNINITIALIZED
                  00005d00    00000020     F2837xD_GlobalVariableDefs.obj (Cmpss5RegsFile)

Cmpss6RegsFile 
*          1    00005d20    00000020     UNINITIALIZED
                  00005d20    00000020     F2837xD_GlobalVariableDefs.obj (Cmpss6RegsFile)

Cmpss7RegsFile 
*          1    00005d40    00000020     UNINITIALIZED
                  00005d40    00000020     F2837xD_GlobalVariableDefs.obj (Cmpss7RegsFile)

Cmpss8RegsFile 
*          1    00005d60    00000020     UNINITIALIZED
                  00005d60    00000020     F2837xD_GlobalVariableDefs.obj (Cmpss8RegsFile)

InputXbarRegsFile 
*          1    00007900    00000020     UNINITIALIZED
                  00007900    00000020     F2837xD_GlobalVariableDefs.obj (InputXbarRegsFile)

XbarRegsFile 
*          1    00007920    00000020     UNINITIALIZED
                  00007920    00000020     F2837xD_GlobalVariableDefs.obj (XbarRegsFile)

SyncSocRegsFile 
*          1    00007940    00000006     UNINITIALIZED
                  00007940    00000006     F2837xD_GlobalVariableDefs.obj (SyncSocRegsFile)

OutputXbarRegsFile 
*          1    00007a80    00000040     UNINITIALIZED
                  00007a80    00000040     F2837xD_GlobalVariableDefs.obj (OutputXbarRegsFile)

GpioCtrlRegsFile 
*          1    00007c00    00000180     UNINITIALIZED
                  00007c00    00000180     F2837xD_GlobalVariableDefs.obj (GpioCtrlRegsFile)

GpioDataRegsFile 
*          1    00007f00    00000030     UNINITIALIZED
                  00007f00    00000030     F2837xD_GlobalVariableDefs.obj (GpioDataRegsFile)

IpcRegsFile 
*          1    00050000    00000024     UNINITIALIZED
                  00050000    00000024     F2837xD_GlobalVariableDefs.obj (IpcRegsFile)

FlashPumpSemaphoreRegsFile 
*          1    00050024    00000002     UNINITIALIZED
                  00050024    00000002     F2837xD_GlobalVariableDefs.obj (FlashPumpSemaphoreRegsFile)

RomPrefetchRegsFile 
*          1    0005e608    00000002     UNINITIALIZED
                  0005e608    00000002     F2837xD_GlobalVariableDefs.obj (RomPrefetchRegsFile)

DcsmZ1RegsFile 
*          1    0005f000    00000024     UNINITIALIZED
                  0005f000    00000024     F2837xD_GlobalVariableDefs.obj (DcsmZ1RegsFile)

DcsmZ2RegsFile 
*          1    0005f040    00000024     UNINITIALIZED
                  0005f040    00000024     F2837xD_GlobalVariableDefs.obj (DcsmZ2RegsFile)

DcsmCommonRegsFile 
*          1    0005f070    00000008     UNINITIALIZED
                  0005f070    00000008     F2837xD_GlobalVariableDefs.obj (DcsmCommonRegsFile)

MemCfgRegsFile 
*          1    0005f400    00000080     UNINITIALIZED
                  0005f400    00000080     F2837xD_GlobalVariableDefs.obj (MemCfgRegsFile)

Emif1ConfigRegsFile 
*          1    0005f480    00000020     UNINITIALIZED
                  0005f480    00000020     F2837xD_GlobalVariableDefs.obj (Emif1ConfigRegsFile)

Emif2ConfigRegsFile 
*          1    0005f4a0    00000020     UNINITIALIZED
                  0005f4a0    00000020     F2837xD_GlobalVariableDefs.obj (Emif2ConfigRegsFile)

AccessProtectionRegsFile 
*          1    0005f4c0    00000040     UNINITIALIZED
                  0005f4c0    00000040     F2837xD_GlobalVariableDefs.obj (AccessProtectionRegsFile)

MemoryErrorRegsFile 
*          1    0005f500    00000040     UNINITIALIZED
                  0005f500    00000040     F2837xD_GlobalVariableDefs.obj (MemoryErrorRegsFile)

RomWaitStateRegsFile 
*          1    0005f540    00000002     UNINITIALIZED
                  0005f540    00000002     F2837xD_GlobalVariableDefs.obj (RomWaitStateRegsFile)

Flash0CtrlRegsFile 
*          1    0005f800    00000182     UNINITIALIZED
                  0005f800    00000182     F2837xD_GlobalVariableDefs.obj (Flash0CtrlRegsFile)

Flash0EccRegsFile 
*          1    0005fb00    00000028     UNINITIALIZED
                  0005fb00    00000028     F2837xD_GlobalVariableDefs.obj (Flash0EccRegsFile)

DevCfgRegsFile 
*          1    0005d000    0000012e     UNINITIALIZED
                  0005d000    0000012e     F2837xD_GlobalVariableDefs.obj (DevCfgRegsFile)

ClkCfgRegsFile 
*          1    0005d200    00000032     UNINITIALIZED
                  0005d200    00000032     F2837xD_GlobalVariableDefs.obj (ClkCfgRegsFile)

CpuSysRegsFile 
*          1    0005d300    00000082     UNINITIALIZED
                  0005d300    00000082     F2837xD_GlobalVariableDefs.obj (CpuSysRegsFile)

.text.1    0    0000027c    00000184     
                  0000027c    00000165     _main_DC_motor.obj (.text)
                  000003e1    0000001d     _dac.obj (.text)
                  000003fe    00000002     rts2800_fpu32.lib : pre_init.c.obj (.text)

.text.2    0    00008032    000000cc     
                  00008032    0000006c     _current_loop.obj (.text)
                  0000809e    00000056     rts2800_fpu32.lib : boot28.asm.obj (.text)
                  000080f4    00000009                       : _lock.c.obj (.text)
                  000080fd    00000001                       : startup.c.obj (.text)

.text.3    0    00008132    000000cb     
                  00008132    00000042     _adc.obj (.text:retain)
                  00008174    00000036     _spi.obj (.text:retain)
                  000081aa    0000002a     rts2800_fpu32.lib : l_div28.asm.obj (.text)
                  000081d4    00000029                       : exit.c.obj (.text)

.text.4    0    00008232    000000ce     
                  00008232    00000028     F2837xD_PieCtrl.obj (.text)
                  0000825a    00000026     F2837xD_PieVect.obj (.text)
                  00008280    00000026     c28x_fixedpoint_dsp_library_fpu32.lib : fir32.obj (.text)
                  000082a6    00000024     rts2800_fpu32.lib : cpy_tbl.c.obj (.text)
                  000082ca    00000020     _led.obj (.text)
                  000082ea    00000016     _timer.obj (.text:retain)

.text.5    0    00008332    000004bc     
                  00008332    00000486     F2837xD_SysCtrl.obj (.text)
                  000087b8    0000001d     rts2800_fpu32.lib : memcpy.c.obj (.text)
                  000087d5    00000019                       : args_main.c.obj (.text)

.text.6    0    00008838    000006e6     
                  00008838    000004ec     _epwm.obj (.text)
                  00008d24    000001e1     _epwm.obj (.text:retain)
                  00008f05    00000019     rts2800_fpu32_fast_supplement.lib : div_f32.obj (.text)

.text.7    0    00009332    00000404     
                  00009332    00000404     F2837xD_Dma.obj (.text)

.text.8    0    00009800    0000029d     
                  00009800    0000019c     _adc.obj (.text)
                  0000999c    00000101     _spi.obj (.text)

.text.9    0    0000b000    00000800     
                  0000b000    00000585     F2837xD_DefaultISR.obj (.text:retain)
                  0000b585    00000244     F2837xD_Gpio.obj (.text)
                  0000b7c9    00000037     c28x_fpu_dsp_library.lib : FIR_f32.obj (.text)

MODULE SUMMARY

       Module                           code   initialized data   uninitialized data
       ------                           ----   ----------------   ------------------
    .\
       F2837xD_GlobalVariableDefs.obj   0      0                  8695              
       _epwm.obj                        1741   110                292               
       F2837xD_DefaultISR.obj           1413   0                  0                 
       F2837xD_SysCtrl.obj              1158   0                  0                 
       F2837xD_Dma.obj                  1028   0                  0                 
       _current_loop.obj                108    314                402               
       F2837xD_Gpio.obj                 580    0                  0                 
       _adc.obj                         478    15                 6                 
       F2837xD_PieVect.obj              38     448                0                 
       _main_DC_motor.obj               357    48                 18                
       _spi.obj                         311    10                 4                 
       _force_loop.obj                  0      15                 106               
       F2837xD_PieCtrl.obj              40     0                  0                 
       _led.obj                         32     0                  0                 
       _dac.obj                         29     0                  0                 
       F2837xD_CpuTimers.obj            0      0                  24                
       _timer.obj                       22     0                  0                 
       DCL_clamp_C1.obj                 20     0                  0                 
       F2837xD_usDelay.obj              4      0                  0                 
       F2837xD_CodeStartBranch.obj      2      0                  0                 
    +--+--------------------------------+------+------------------+--------------------+
       Total:                           7361   960                9547              
                                                                                    
    .\device\
       device.obj                       0      19                 0                 
    +--+--------------------------------+------+------------------+--------------------+
       Total:                           0      19                 0                 
                                                                                    
    ../driverlib.lib
       sysctl.obj                       4      88                 0                 
    +--+--------------------------------+------+------------------+--------------------+
       Total:                           4      88                 0                 
                                                                                    
    C:/ti/c2000/C2000Ware_1_00_06_00/libraries/dsp/FPU/c28/lib/c28x_fpu_dsp_library.lib
       FIR_f32.obj                      55     0                  0                 
    +--+--------------------------------+------+------------------+--------------------+
       Total:                           55     0                  0                 
                                                                                    
    C:/ti/c2000/C2000Ware_1_00_06_00/libraries/dsp/FixedPoint/c28/lib/c28x_fixedpoint_dsp_library_fpu32.lib
       fir32.obj                        38     0                  0                 
    +--+--------------------------------+------+------------------+--------------------+
       Total:                           38     0                  0                 
                                                                                    
    C:/ti/c2000/C2000Ware_1_00_06_00/libraries/math/FPUfastRTS/c28/lib/rts2800_fpu32_fast_supplement.lib
       div_f32.obj                      25     0                  0                 
    +--+--------------------------------+------+------------------+--------------------+
       Total:                           25     0                  0                 
                                                                                    
    C:/ti/ccsv8/tools/compiler/ti-cgt-c2000_18.1.4.LTS/lib/rts2800_fpu32.lib
       boot28.asm.obj                   86     0                  0                 
       exit.c.obj                       41     14                 6                 
       l_div28.asm.obj                  42     0                  0                 
       cpy_tbl.c.obj                    36     0                  0                 
       memcpy.c.obj                     29     0                  0                 
       args_main.c.obj                  25     0                  0                 
       _lock.c.obj                      9      10                 4                 
       pre_init.c.obj                   2      0                  0                 
       startup.c.obj                    1      0                  0                 
    +--+--------------------------------+------+------------------+--------------------+
       Total:                           271    24                 10                
                                                                                    
       Stack:                           0      0                  256               
    +--+--------------------------------+------+------------------+--------------------+
       Grand Total:                     7754   1091               9813              


GLOBAL DATA SYMBOLS: SORTED BY DATA PAGE

address     data page           name
--------    ----------------    ----
00000400      10 (00000400)     __stack

00000b00      2c (00000b00)     _AdcaResultRegs
00000b20      2c (00000b00)     _AdcbResultRegs

00000b40      2d (00000b40)     _AdccResultRegs
00000b60      2d (00000b40)     _AdcdResultRegs

00000c00      30 (00000c00)     _CpuTimer0Regs
00000c08      30 (00000c00)     _CpuTimer1Regs
00000c10      30 (00000c00)     _CpuTimer2Regs

00000ce0      33 (00000cc0)     _Cla1SoftIntRegs
00000ce0      33 (00000cc0)     _PieCtrlRegs

00000d00      34 (00000d00)     _EmuBMode
00000d00      34 (00000d00)     _PieVectTable
00000d01      34 (00000d00)     _EmuBootPins

00001000      40 (00001000)     _DmaRegs

00001400      50 (00001400)     _Cla1Regs

00004000     100 (00004000)     _EPwm1Regs

00004100     104 (00004100)     _EPwm2Regs

00004200     108 (00004200)     _EPwm3Regs

00004300     10c (00004300)     _EPwm4Regs

00004400     110 (00004400)     _EPwm5Regs

00004500     114 (00004500)     _EPwm6Regs

00004600     118 (00004600)     _EPwm7Regs

00004700     11c (00004700)     _EPwm8Regs

00004800     120 (00004800)     _EPwm9Regs

00004900     124 (00004900)     _EPwm10Regs

00004a00     128 (00004a00)     _EPwm11Regs

00004b00     12c (00004b00)     _EPwm12Regs

00005000     140 (00005000)     _ECap1Regs
00005020     140 (00005000)     _ECap2Regs

00005040     141 (00005040)     _ECap3Regs
00005060     141 (00005040)     _ECap4Regs

00005080     142 (00005080)     _ECap5Regs
000050a0     142 (00005080)     _ECap6Regs

00005100     144 (00005100)     _EQep1Regs

00005140     145 (00005140)     _EQep2Regs

00005180     146 (00005180)     _EQep3Regs

00005c00     170 (00005c00)     _DacaRegs
00005c10     170 (00005c00)     _DacbRegs
00005c20     170 (00005c00)     _DaccRegs

00005c80     172 (00005c80)     _Cmpss1Regs
00005ca0     172 (00005c80)     _Cmpss2Regs

00005cc0     173 (00005cc0)     _Cmpss3Regs
00005ce0     173 (00005cc0)     _Cmpss4Regs

00005d00     174 (00005d00)     _Cmpss5Regs
00005d20     174 (00005d00)     _Cmpss6Regs

00005d40     175 (00005d40)     _Cmpss7Regs
00005d60     175 (00005d40)     _Cmpss8Regs

00005e00     178 (00005e00)     _Sdfm1Regs

00005e80     17a (00005e80)     _Sdfm2Regs

00006000     180 (00006000)     _McbspaRegs

00006040     181 (00006040)     _McbspbRegs

00006100     184 (00006100)     _SpiaRegs
00006110     184 (00006100)     _SpibRegs
00006120     184 (00006100)     _SpicRegs

00006200     188 (00006200)     _UppRegs

00007000     1c0 (00007000)     _WdRegs

00007060     1c1 (00007040)     _NmiIntruptRegs
00007070     1c1 (00007040)     _XintRegs

00007200     1c8 (00007200)     _SciaRegs
00007210     1c8 (00007200)     _ScibRegs
00007220     1c8 (00007200)     _ScicRegs
00007230     1c8 (00007200)     _ScidRegs

00007300     1cc (00007300)     _I2caRegs

00007340     1cd (00007340)     _I2cbRegs

00007400     1d0 (00007400)     _AdcaRegs

00007480     1d2 (00007480)     _AdcbRegs

00007500     1d4 (00007500)     _AdccRegs

00007580     1d6 (00007580)     _AdcdRegs

00007900     1e4 (00007900)     _InputXbarRegs
00007920     1e4 (00007900)     _XbarRegs

00007940     1e5 (00007940)     _SyncSocRegs

00007980     1e6 (00007980)     _DmaClaSrcSelRegs

00007a00     1e8 (00007a00)     _EPwmXbarRegs

00007a80     1ea (00007a80)     _OutputXbarRegs

00007c00     1f0 (00007c00)     _GpioCtrlRegs

00007f00     1fc (00007f00)     _GpioDataRegs

00008000     200 (00008000)     _dbuf_curr1

00008100     204 (00008100)     _dbuf_curr2

00008200     208 (00008200)     _dbuf_fp_c1

00008300     20c (00008300)     _dbuf_fp_c2

00008800     220 (00008800)     _firFXc1
0000880e     220 (00008800)     _firFXc2
0000881c     220 (00008800)     _firFPc1
0000882a     220 (00008800)     _firFPc2

00009000     240 (00009000)     _coeff_curr1

00009100     244 (00009100)     _coeff_curr2

00009200     248 (00009200)     _coeff_fp_c1

00009300     24c (00009300)     _coeff_fp_c2

0000a800     2a0 (0000a800)     _PieVectTableInit

0000aa2c     2a8 (0000aa00)     _gpio8
0000aa2d     2a8 (0000aa00)     _gpio9
0000aa2e     2a8 (0000aa00)     _DacbVal
0000aa2f     2a8 (0000aa00)     _DacaVal
0000aa30     2a8 (0000aa00)     _pwm1
0000aa32     2a8 (0000aa00)     _freq_cpu_res
0000aa34     2a8 (0000aa00)     _pwm3
0000aa36     2a8 (0000aa00)     _pwm2
0000aa38     2a8 (0000aa00)     _pwm4
0000aa3a     2a8 (0000aa00)     _i
0000aa3e     2a8 (0000aa00)     __lock

0000aa40     2a9 (0000aa40)     _byte_spi1
0000aa41     2a9 (0000aa40)     _byte_spi2
0000aa42     2a9 (0000aa40)     _angl_adr_msg
0000aa43     2a9 (0000aa40)     _byte_cnt
0000aa44     2a9 (0000aa40)     _c1fp
0000aa46     2a9 (0000aa40)     _cntpwm
0000aa48     2a9 (0000aa40)     _c1fx
0000aa4a     2a9 (0000aa40)     _c2fp
0000aa4c     2a9 (0000aa40)     _out_test
0000aa4e     2a9 (0000aa40)     _in_test
0000aa50     2a9 (0000aa40)     _divider
0000aa52     2a9 (0000aa40)     _out_test_float
0000aa54     2a9 (0000aa40)     _lk
0000aa56     2a9 (0000aa40)     _yk
0000aa58     2a9 (0000aa40)     _ang_per_div
0000aa5a     2a9 (0000aa40)     _uk
0000aa5c     2a9 (0000aa40)     _IdleLoopCount
0000aa5e     2a9 (0000aa40)     _c2fx
0000aa60     2a9 (0000aa40)     _rk
0000aa66     2a9 (0000aa40)     _IsrCount
0000aa68     2a9 (0000aa40)     _angl_get_arr

0000aa80     2aa (0000aa80)     _curr2_test

0000ab00     2ac (0000ab00)     _curr1_test

0000ab64     2ad (0000ab40)     _CpuTimer1
0000ab6c     2ad (0000ab40)     _CpuTimer2
0000ab74     2ad (0000ab40)     _CpuTimer0

0000ab80     2ae (0000ab80)     _DMADest
0000ab82     2ae (0000ab80)     _DMASource
0000ab84     2ae (0000ab80)     _current2ff
0000ab86     2ae (0000ab80)     _current1
0000ab88     2ae (0000ab80)     _currents
0000ab8a     2ae (0000ab80)     _current2
0000ab8c     2ae (0000ab80)     _current2f
0000ab8e     2ae (0000ab80)     _current1f
0000ab90     2ae (0000ab80)     _current1ff
0000ab92     2ae (0000ab80)     _pid1
0000abb4     2ae (0000ab80)     _force1
0000abb6     2ae (0000ab80)     _force2
0000abb8     2ae (0000ab80)     _forces
0000abba     2ae (0000ab80)     ___TI_enable_exit_profile_output
0000abbc     2ae (0000ab80)     ___TI_cleanup_ptr
0000abbe     2ae (0000ab80)     ___TI_dtors_ptr

0000abc0     2af (0000abc0)     __unlock

0000c000     300 (0000c000)     _DMA_Buf

0000c080     302 (0000c080)     _DMA_force_buf

00047000    11c0 (00047000)     _Emif1Regs

00047800    11e0 (00047800)     _Emif2Regs

00048000    1200 (00048000)     _CanaRegs

0004a000    1280 (0004a000)     _CanbRegs

00050000    1400 (00050000)     _IpcRegs
00050024    1400 (00050000)     _FlashPumpSemaphoreRegs

0005d000    1740 (0005d000)     _DevCfgRegs

0005d180    1746 (0005d180)     _AnalogSubsysRegs

0005d200    1748 (0005d200)     _ClkCfgRegs

0005d300    174c (0005d300)     _CpuSysRegs

0005e608    1798 (0005e600)     _RomPrefetchRegs

0005f000    17c0 (0005f000)     _DcsmZ1Regs

0005f040    17c1 (0005f040)     _DcsmZ2Regs
0005f070    17c1 (0005f040)     _DcsmCommonRegs

0005f400    17d0 (0005f400)     _MemCfgRegs

0005f480    17d2 (0005f480)     _Emif1ConfigRegs
0005f4a0    17d2 (0005f480)     _Emif2ConfigRegs

0005f4c0    17d3 (0005f4c0)     _AccessProtectionRegs

0005f500    17d4 (0005f500)     _MemoryErrorRegs

0005f540    17d5 (0005f540)     _RomWaitStateRegs

0005f800    17e0 (0005f800)     _Flash0CtrlRegs

0005fb00    17ec (0005fb00)     _Flash0EccRegs


GLOBAL SYMBOLS: SORTED ALPHABETICALLY BY Name 

page  address   name                                  
----  -------   ----                                  
abs   ffffffff  .text                                 
0     000081d4  C$$EXIT                               
0     00008f05  FS$$DIV                               
0     000081aa  L$$DIV                                
0     000081b9  L$$MOD                                
0     000081c7  UL$$DIV                               
0     000081ce  UL$$MOD                               
0     0000b0be  _ADCA1_ISR                            
0     0000b33e  _ADCA2_ISR                            
0     0000b348  _ADCA3_ISR                            
0     0000b352  _ADCA4_ISR                            
0     0000b334  _ADCA_EVT_ISR                         
0     0000b0c8  _ADCB1_ISR                            
0     0000b366  _ADCB2_ISR                            
0     0000b370  _ADCB3_ISR                            
0     0000b37a  _ADCB4_ISR                            
0     0000b35c  _ADCB_EVT_ISR                         
0     0000b0d2  _ADCC1_ISR                            
0     0000b4ce  _ADCC2_ISR                            
0     0000b4d8  _ADCC3_ISR                            
0     0000b4e2  _ADCC4_ISR                            
0     0000b4c4  _ADCC_EVT_ISR                         
0     0000b0f0  _ADCD1_ISR                            
0     0000b4f6  _ADCD2_ISR                            
0     0000b500  _ADCD3_ISR                            
0     0000b50a  _ADCD4_ISR                            
0     0000b4ec  _ADCD_EVT_ISR                         
0     0000b546  _AUX_PLL_SLIP_ISR                     
1     0005f4c0  _AccessProtectionRegs                 
1     00007400  _AdcaRegs                             
1     00000b00  _AdcaResultRegs                       
1     00007480  _AdcbRegs                             
1     00000b20  _AdcbResultRegs                       
1     00007500  _AdccRegs                             
1     00000b40  _AdccResultRegs                       
1     00007580  _AdcdRegs                             
1     00000b60  _AdcdResultRegs                       
1     0005d180  _AnalogSubsysRegs                     
0     00008764  _AuxAuxClkSel                         
0     0000874e  _AuxIntOsc2Sel                        
0     00008758  _AuxXtalOscSel                        
0     0000b30c  _CANA0_ISR                            
0     0000b316  _CANA1_ISR                            
0     0000b320  _CANB0_ISR                            
0     0000b32a  _CANB1_ISR                            
0     0000b384  _CLA1_1_ISR                           
0     0000b38e  _CLA1_2_ISR                           
0     0000b398  _CLA1_3_ISR                           
0     0000b3a2  _CLA1_4_ISR                           
0     0000b3ac  _CLA1_5_ISR                           
0     0000b3b6  _CLA1_6_ISR                           
0     0000b3c0  _CLA1_7_ISR                           
0     0000b3ca  _CLA1_8_ISR                           
0     0000b550  _CLA_OVERFLOW_ISR                     
0     0000b55a  _CLA_UNDERFLOW_ISR                    
1     00048000  _CanaRegs                             
1     0004a000  _CanbRegs                             
1     00001400  _Cla1Regs                             
0     00000ce0  _Cla1SoftIntRegs                      
1     0005d200  _ClkCfgRegs                           
1     00005c80  _Cmpss1Regs                           
1     00005ca0  _Cmpss2Regs                           
1     00005cc0  _Cmpss3Regs                           
1     00005ce0  _Cmpss4Regs                           
1     00005d00  _Cmpss5Regs                           
1     00005d20  _Cmpss6Regs                           
1     00005d40  _Cmpss7Regs                           
1     00005d60  _Cmpss8Regs                           
1     0005d300  _CpuSysRegs                           
1     0000ab74  _CpuTimer0                            
1     00000c00  _CpuTimer0Regs                        
1     0000ab64  _CpuTimer1                            
1     00000c08  _CpuTimer1Regs                        
1     0000ab6c  _CpuTimer2                            
1     00000c10  _CpuTimer2Regs                        
0     00008709  _CsmUnlock                            
0     0000b014  _DATALOG_ISR                          
0     0000a000  _DCL_runClamp_C1                      
0     0000933d  _DMACH1AddrConfig                     
0     000096d6  _DMACH1AddrConfig32bit                
0     0000934d  _DMACH1BurstConfig                    
0     00009380  _DMACH1ModeConfig                     
0     0000935d  _DMACH1TransferConfig                 
0     0000936d  _DMACH1WrapConfig                     
0     000093d6  _DMACH2AddrConfig                     
0     000096e6  _DMACH2AddrConfig32bit                
0     000093e6  _DMACH2BurstConfig                    
0     00009419  _DMACH2ModeConfig                     
0     000093f6  _DMACH2TransferConfig                 
0     00009406  _DMACH2WrapConfig                     
0     00009470  _DMACH3AddrConfig                     
0     000096f6  _DMACH3AddrConfig32bit                
0     00009480  _DMACH3BurstConfig                    
0     000094b3  _DMACH3ModeConfig                     
0     00009490  _DMACH3TransferConfig                 
0     000094a0  _DMACH3WrapConfig                     
0     00009509  _DMACH4AddrConfig                     
0     00009706  _DMACH4AddrConfig32bit                
0     00009519  _DMACH4BurstConfig                    
0     0000954c  _DMACH4ModeConfig                     
0     00009529  _DMACH4TransferConfig                 
0     00009539  _DMACH4WrapConfig                     
0     000095a3  _DMACH5AddrConfig                     
0     00009716  _DMACH5AddrConfig32bit                
0     000095b3  _DMACH5BurstConfig                    
0     000095e6  _DMACH5ModeConfig                     
0     000095c3  _DMACH5TransferConfig                 
0     000095d3  _DMACH5WrapConfig                     
0     0000963c  _DMACH6AddrConfig                     
0     00009726  _DMACH6AddrConfig32bit                
0     0000964c  _DMACH6BurstConfig                    
0     0000967f  _DMACH6ModeConfig                     
0     0000965c  _DMACH6TransferConfig                 
0     0000966c  _DMACH6WrapConfig                     
1     0000ab80  _DMADest                              
0     00009332  _DMAInitialize                        
1     0000ab82  _DMASource                            
1     0000c000  _DMA_Buf                              
0     0000b258  _DMA_CH1_ISR                          
0     0000b262  _DMA_CH2_ISR                          
0     0000b26c  _DMA_CH3_ISR                          
0     0000b276  _DMA_CH4_ISR                          
0     0000b280  _DMA_CH5_ISR                          
0     0000b28a  _DMA_CH6_ISR                          
1     0000c080  _DMA_force_buf                        
1     00005c00  _DacaRegs                             
1     0000aa2f  _DacaVal                              
1     00005c10  _DacbRegs                             
1     0000aa2e  _DacbVal                              
1     00005c20  _DaccRegs                             
1     0005f070  _DcsmCommonRegs                       
1     0005f000  _DcsmZ1Regs                           
1     0005f040  _DcsmZ2Regs                           
1     0005d000  _DevCfgRegs                           
0     00008426  _DisableDog                           
0     000083e7  _DisablePeripheralClocks              
1     00007980  _DmaClaSrcSelRegs                     
1     00001000  _DmaRegs                              
0     0000b1ae  _ECAP1_ISR                            
0     0000b1b8  _ECAP2_ISR                            
0     0000b1c2  _ECAP3_ISR                            
0     0000b1cc  _ECAP4_ISR                            
0     0000b1d6  _ECAP5_ISR                            
0     0000b1e0  _ECAP6_ISR                            
1     00005000  _ECap1Regs                            
1     00005020  _ECap2Regs                            
1     00005040  _ECap3Regs                            
1     00005060  _ECap4Regs                            
1     00005080  _ECap5Regs                            
1     000050a0  _ECap6Regs                            
0     0000b514  _EMIF_ERROR_ISR                       
0     0000b56e  _EMPTY_ISR                            
0     0000b028  _EMU_ISR                              
0     0000b46a  _EPWM10_ISR                           
0     0000b442  _EPWM10_TZ_ISR                        
0     0000b474  _EPWM11_ISR                           
0     0000b44c  _EPWM11_TZ_ISR                        
0     0000b47e  _EPWM12_ISR                           
0     0000b456  _EPWM12_TZ_ISR                        
0     0000b15e  _EPWM1_ISR                            
0     0000b10e  _EPWM1_TZ_ISR                         
0     0000b168  _EPWM2_ISR                            
0     0000b118  _EPWM2_TZ_ISR                         
0     0000b172  _EPWM3_ISR                            
0     0000b122  _EPWM3_TZ_ISR                         
0     0000b17c  _EPWM4_ISR                            
0     0000b12c  _EPWM4_TZ_ISR                         
0     0000b186  _EPWM5_ISR                            
0     0000b136  _EPWM5_TZ_ISR                         
0     0000b190  _EPWM6_ISR                            
0     0000b140  _EPWM6_TZ_ISR                         
0     0000b19a  _EPWM7_ISR                            
0     0000b14a  _EPWM7_TZ_ISR                         
0     0000b1a4  _EPWM8_ISR                            
0     0000b154  _EPWM8_TZ_ISR                         
0     0000b460  _EPWM9_ISR                            
0     0000b438  _EPWM9_TZ_ISR                         
1     00004900  _EPwm10Regs                           
1     00004a00  _EPwm11Regs                           
1     00004b00  _EPwm12Regs                           
1     00004000  _EPwm1Regs                            
1     00004100  _EPwm2Regs                            
1     00004200  _EPwm3Regs                            
1     00004300  _EPwm4Regs                            
1     00004400  _EPwm5Regs                            
1     00004500  _EPwm6Regs                            
1     00004600  _EPwm7Regs                            
1     00004700  _EPwm8Regs                            
1     00004800  _EPwm9Regs                            
1     00007a00  _EPwmXbarRegs                         
0     0000b1ea  _EQEP1_ISR                            
0     0000b1f4  _EQEP2_ISR                            
0     0000b1fe  _EQEP3_ISR                            
1     00005100  _EQep1Regs                            
1     00005140  _EQep2Regs                            
1     00005180  _EQep3Regs                            
1     0005f480  _Emif1ConfigRegs                      
1     00047000  _Emif1Regs                            
1     0005f4a0  _Emif2ConfigRegs                      
1     00047800  _Emif2Regs                            
1     00000d00  _EmuBMode                             
1     00000d01  _EmuBootPins                          
0     00008251  _EnableInterrupts                     
0     00000274  _F28x_usDelay                         
0     00008290  _FIR32_calc                           
0     00008280  _FIR32_init                           
0     0000b7d5  _FIR_FP_calc                          
0     0000b7c9  _FIR_FP_init                          
0     0000b528  _FLASH_CORRECTABLE_ERROR_ISR          
0     0000b3fc  _FPU_OVERFLOW_ISR                     
0     0000b406  _FPU_UNDERFLOW_ISR                    
1     0005f800  _Flash0CtrlRegs                       
1     0005fb00  _Flash0EccRegs                        
1     00050024  _FlashPumpSemaphoreRegs               
0     0000b77e  _GPIO_EnableUnbondedIOPullups         
0     0000b759  _GPIO_EnableUnbondedIOPullupsFor100Pin
0     0000b740  _GPIO_EnableUnbondedIOPullupsFor176Pin
0     0000b794  _GPIO_ReadPin                         
0     0000b6e5  _GPIO_SetupLock                       
0     0000b5c5  _GPIO_SetupPinMux                     
0     0000b651  _GPIO_SetupPinOptions                 
0     0000b70e  _GPIO_SetupXINT1Gpio                  
0     0000b718  _GPIO_SetupXINT2Gpio                  
0     0000b722  _GPIO_SetupXINT3Gpio                  
0     0000b72c  _GPIO_SetupXINT4Gpio                  
0     0000b736  _GPIO_SetupXINT5Gpio                  
0     0000b7ab  _GPIO_WritePin                        
1     00007c00  _GpioCtrlRegs                         
1     00007f00  _GpioDataRegs                         
0     00008782  _HALT                                 
0     0000879b  _HIB                                  
0     0000b29e  _I2CA_FIFO_ISR                        
0     0000b294  _I2CA_ISR                             
0     0000b2b2  _I2CB_FIFO_ISR                        
0     0000b2a8  _I2CB_ISR                             
1     00007300  _I2caRegs                             
1     00007340  _I2cbRegs                             
0     0000876e  _IDLE                                 
0     0000b03c  _ILLEGAL_ISR                          
0     0000b410  _IPC0_ISR                             
0     0000b41a  _IPC1_ISR                             
0     0000b424  _IPC2_ISR                             
0     0000b42e  _IPC3_ISR                             
1     0000aa5c  _IdleLoopCount                        
0     00009800  _InitADC                              
0     0000997c  _InitADCforCurrents                   
0     00009987  _InitADCforForces                     
0     00008622  _InitAuxPll                           
0     000003e1  _InitDAC                              
0     000003ea  _InitDACx                             
0     00009912  _InitDMAforADC                        
0     0000987d  _InitDMAforADCb                       
0     000098d1  _InitDMAforADCd                       
0     0000b585  _InitGpio                             
0     00008cf8  _InitGpioEPWM                         
0     00008a84  _InitGpioEPWM1                        
0     00008a96  _InitGpioEPWM2                        
0     00008aa8  _InitGpioEPWM3                        
0     00008abc  _InitGpioEPWM4                        
0     00008ad0  _InitGpioEPWM5                        
0     00008ae2  _InitGpioEPWM6                        
0     00008af4  _InitGpioEPWM8                        
0     00008a10  _InitGpioGS                           
0     000082ca  _InitGpioLED                          
0     000099d5  _InitGpioSPIA                         
0     00009a2b  _InitGpioSPIA_CS                      
0     000099fb  _InitGpioSPIB                         
0     00009a63  _InitGpioSPIB_CS                      
0     000089b7  _InitGpioTZ                           
0     000003c3  _InitGpioUsed                         
0     00008363  _InitPeripheralClocks                 
0     00008232  _InitPieCtrl                          
0     0000825a  _InitPieVectTable                     
0     0000999c  _InitSPI                              
0     000099c3  _InitSPIA                             
0     000099cc  _InitSPIB                             
0     00008332  _InitSysCtrl                          
0     00008434  _InitSysPll                           
0     000089ce  _InitTZ                               
1     00007900  _InputXbarRegs                        
1     00050000  _IpcRegs                              
1     0000aa66  _IsrCount                             
0     0000b230  _MCBSPA_RX_ISR                        
0     0000b23a  _MCBSPA_TX_ISR                        
0     0000b244  _MCBSPB_RX_ISR                        
0     0000b24e  _MCBSPB_TX_ISR                        
1     00006000  _McbspaRegs                           
1     00006040  _McbspbRegs                           
1     0005f400  _MemCfgRegs                           
1     0005f500  _MemoryErrorRegs                      
0     0000b032  _NMI_ISR                              
0     0000b57b  _NOTUSED_ISR                          
1     00007060  _NmiIntruptRegs                       
1     00007a80  _OutputXbarRegs                       
0     0000b564  _PIE_RESERVED_ISR                     
1     00000ce0  _PieCtrlRegs                          
1     00000d00  _PieVectTable                         
1     0000a800  _PieVectTableInit                     
0     0000b532  _RAM_ACCESS_VIOLATION_ISR             
0     0000b51e  _RAM_CORRECTABLE_ERROR_ISR            
0     0000b01e  _RTOS_ISR                             
0     0000840e  _ReleaseFlashPump                     
1     0005e608  _RomPrefetchRegs                      
1     0005f540  _RomWaitStateRegs                     
0     0000b2e4  _SCIA_RX_ISR                          
0     0000b2ee  _SCIA_TX_ISR                          
0     0000b2f8  _SCIB_RX_ISR                          
0     0000b302  _SCIB_TX_ISR                          
0     0000b2bc  _SCIC_RX_ISR                          
0     0000b2c6  _SCIC_TX_ISR                          
0     0000b2d0  _SCID_RX_ISR                          
0     0000b2da  _SCID_TX_ISR                          
0     0000b488  _SD1_ISR                              
0     0000b492  _SD2_ISR                              
0     0000b208  _SPIA_RX_ISR                          
0     0000b212  _SPIA_TX_ISR                          
0     0000b21c  _SPIB_RX_ISR                          
0     0000b226  _SPIB_TX_ISR                          
0     0000b49c  _SPIC_RX_ISR                          
0     0000b4a6  _SPIC_TX_ISR                          
0     00008777  _STANDBY                              
0     0000b53c  _SYS_PLL_SLIP_ISR                     
1     00007200  _SciaRegs                             
1     00007210  _ScibRegs                             
1     00007220  _ScicRegs                             
1     00007230  _ScidRegs                             
1     00005e00  _Sdfm1Regs                            
1     00005e80  _Sdfm2Regs                            
0     000083ff  _SeizeFlashPump                       
0     00008418  _ServiceDog                           
1     00006100  _SpiaRegs                             
1     00006110  _SpibRegs                             
1     00006120  _SpicRegs                             
0     000093ce  _StartDMACH1                          
0     00009468  _StartDMACH2                          
0     00009501  _StartDMACH3                          
0     0000959b  _StartDMACH4                          
0     00009634  _StartDMACH5                          
0     000096ce  _StartDMACH6                          
1     00007940  _SyncSocRegs                          
0     00000278  _SysCtl_delay                         
0     0000872a  _SysIntOsc1Sel                        
0     00008736  _SysIntOsc2Sel                        
0     00008742  _SysXtalOscSel                        
0     0000b0fa  _TIMER0_ISR                           
0     0000b000  _TIMER1_ISR                           
0     0000b00a  _TIMER2_ISR                           
0     0000b4b0  _UPPA_ISR                             
0     0000b4ba  _USBA_ISR                             
0     0000b0a0  _USER10_ISR                           
0     0000b0aa  _USER11_ISR                           
0     0000b0b4  _USER12_ISR                           
0     0000b046  _USER1_ISR                            
0     0000b050  _USER2_ISR                            
0     0000b05a  _USER3_ISR                            
0     0000b064  _USER4_ISR                            
0     0000b06e  _USER5_ISR                            
0     0000b078  _USER6_ISR                            
0     0000b082  _USER7_ISR                            
0     0000b08c  _USER8_ISR                            
0     0000b096  _USER9_ISR                            
1     00006200  _UppRegs                              
0     0000b3f2  _VCU_ISR                              
0     0000b104  _WAKE_ISR                             
1     00007000  _WdRegs                               
0     0000b0dc  _XINT1_ISR                            
0     0000b0e6  _XINT2_ISR                            
0     0000b3d4  _XINT3_ISR                            
0     0000b3de  _XINT4_ISR                            
0     0000b3e8  _XINT5_ISR                            
1     00007920  _XbarRegs                             
1     00007070  _XintRegs                             
1     00000500  __STACK_END                           
abs   00000100  __STACK_SIZE                          
1     0000abbc  ___TI_cleanup_ptr                     
1     0000abbe  ___TI_dtors_ptr                       
1     0000abba  ___TI_enable_exit_profile_output      
abs   ffffffff  ___TI_pprof_out_hndl                  
abs   ffffffff  ___TI_prof_data_size                  
abs   ffffffff  ___TI_prof_data_start                 
abs   ffffffff  ___binit__                            
abs   ffffffff  ___c_args__                           
0     00000122  ___cinit__                            
abs   ffffffff  ___etext__                            
abs   ffffffff  ___pinit__                            
abs   ffffffff  ___text__                             
0     000087d5  __args_main                           
1     0000aa3e  __lock                                
0     000080fc  __nop                                 
0     000080f8  __register_lock                       
0     000080f4  __register_unlock                     
1     00000400  __stack                               
0     000080fd  __system_post_cinit                   
0     000003fe  __system_pre_init                     
1     0000abc0  __unlock                              
0     000081d4  _abort                                
1     0000aa58  _ang_per_div                          
1     0000aa42  _angl_adr_msg                         
1     0000aa68  _angl_get_arr                         
1     0000aa43  _byte_cnt                             
1     0000aa40  _byte_spi1                            
1     0000aa41  _byte_spi2                            
1     0000aa44  _c1fp                                 
1     0000aa48  _c1fx                                 
1     0000aa4a  _c2fp                                 
1     0000aa5e  _c2fx                                 
0     0000809e  _c_int00                              
1     0000aa46  _cntpwm                               
0     00009000  _coeff_curr1                          
0     00009100  _coeff_curr2                          
0     00009200  _coeff_fp_c1                          
0     00009300  _coeff_fp_c2                          
0     000082a6  _copy_in                              
0     000082ea  _cpu_timer0_isr                       
1     0000ab00  _curr1_test                           
1     0000aa80  _curr2_test                           
1     0000ab86  _current1                             
1     0000ab8e  _current1f                            
1     0000ab90  _current1ff                           
1     0000ab8a  _current2                             
1     0000ab8c  _current2f                            
1     0000ab84  _current2ff                           
1     0000ab88  _currents                             
0     00008000  _dbuf_curr1                           
0     00008100  _dbuf_curr2                           
0     00008200  _dbuf_fp_c1                           
0     00008300  _dbuf_fp_c2                           
1     0000aa50  _divider                              
0     00008132  _dmach1_isr                           
0     00008148  _dmach2_isr                           
0     0000815e  _dmach3_isr                           
0     00008eab  _epwm1_tzint_isr                      
0     00008d24  _epwm3_int_isr                        
0     000081d6  _exit                                 
0     0000881c  _firFPc1                              
0     0000882a  _firFPc2                              
0     00008800  _firFXc1                              
0     0000880e  _firFXc2                              
1     0000abb4  _force1                               
1     0000abb6  _force2                               
1     0000abb8  _forces                               
1     0000aa32  _freq_cpu_res                         
1     0000aa2c  _gpio8                                
1     0000aa2d  _gpio9                                
1     0000aa3a  _i                                    
1     0000aa4e  _in_test                              
0     00008c99  _initEPWM                             
0     00008b08  _initEPWM1                            
0     00008bbc  _initEPWMxA                           
0     00008b5d  _initEPWMxAB                          
0     00008c3f  _initEPWMxASyncSOC                    
0     00008bda  _initEPWMxB                           
0     00008c6c  _initEPWMxBSyncSOC                    
0     00008bfa  _initEPWMxInt                         
0     00008b47  _initEPWMxMODE                        
0     00008c24  _initEPWMxSyncIn                      
0     00008c37  _initEPWMxSyncOut                     
0     00008077  _init_current_PID                     
0     0000806e  _init_current_filters                 
0     00008032  _init_filter_fixp_current1            
0     00008041  _init_filter_fixp_current2            
0     00008050  _init_filter_fp_current1              
0     0000805f  _init_filter_fp_current2              
1     0000aa54  _lk                                   
0     000002bc  _main                                 
0     000087b8  _memcpy                               
1     0000aa4c  _out_test                             
1     0000aa52  _out_test_float                       
1     0000ab92  _pid1                                 
1     0000aa30  _pwm1                                 
1     0000aa36  _pwm2                                 
1     0000aa34  _pwm3                                 
1     0000aa38  _pwm4                                 
1     0000aa60  _rk                                   
0     0000818e  _spia_rx_int_isr                      
0     00008174  _spia_tx_int_isr                      
1     0000aa5a  _uk                                   
1     0000aa56  _yk                                   
abs   ffffffff  binit                                 
0     00000122  cinit                                 
0     00000000  code_start                            
abs   ffffffff  etext                                 
abs   ffffffff  pinit                                 


GLOBAL SYMBOLS: SORTED BY Symbol Address 

page  address   name                                  
----  -------   ----                                  
0     00000000  code_start                            
0     00000122  ___cinit__                            
0     00000122  cinit                                 
0     00000274  _F28x_usDelay                         
0     00000278  _SysCtl_delay                         
0     000002bc  _main                                 
0     000003c3  _InitGpioUsed                         
0     000003e1  _InitDAC                              
0     000003ea  _InitDACx                             
0     000003fe  __system_pre_init                     
0     00000ce0  _Cla1SoftIntRegs                      
0     00008000  _dbuf_curr1                           
0     00008032  _init_filter_fixp_current1            
0     00008041  _init_filter_fixp_current2            
0     00008050  _init_filter_fp_current1              
0     0000805f  _init_filter_fp_current2              
0     0000806e  _init_current_filters                 
0     00008077  _init_current_PID                     
0     0000809e  _c_int00                              
0     000080f4  __register_unlock                     
0     000080f8  __register_lock                       
0     000080fc  __nop                                 
0     000080fd  __system_post_cinit                   
0     00008100  _dbuf_curr2                           
0     00008132  _dmach1_isr                           
0     00008148  _dmach2_isr                           
0     0000815e  _dmach3_isr                           
0     00008174  _spia_tx_int_isr                      
0     0000818e  _spia_rx_int_isr                      
0     000081aa  L$$DIV                                
0     000081b9  L$$MOD                                
0     000081c7  UL$$DIV                               
0     000081ce  UL$$MOD                               
0     000081d4  C$$EXIT                               
0     000081d4  _abort                                
0     000081d6  _exit                                 
0     00008200  _dbuf_fp_c1                           
0     00008232  _InitPieCtrl                          
0     00008251  _EnableInterrupts                     
0     0000825a  _InitPieVectTable                     
0     00008280  _FIR32_init                           
0     00008290  _FIR32_calc                           
0     000082a6  _copy_in                              
0     000082ca  _InitGpioLED                          
0     000082ea  _cpu_timer0_isr                       
0     00008300  _dbuf_fp_c2                           
0     00008332  _InitSysCtrl                          
0     00008363  _InitPeripheralClocks                 
0     000083e7  _DisablePeripheralClocks              
0     000083ff  _SeizeFlashPump                       
0     0000840e  _ReleaseFlashPump                     
0     00008418  _ServiceDog                           
0     00008426  _DisableDog                           
0     00008434  _InitSysPll                           
0     00008622  _InitAuxPll                           
0     00008709  _CsmUnlock                            
0     0000872a  _SysIntOsc1Sel                        
0     00008736  _SysIntOsc2Sel                        
0     00008742  _SysXtalOscSel                        
0     0000874e  _AuxIntOsc2Sel                        
0     00008758  _AuxXtalOscSel                        
0     00008764  _AuxAuxClkSel                         
0     0000876e  _IDLE                                 
0     00008777  _STANDBY                              
0     00008782  _HALT                                 
0     0000879b  _HIB                                  
0     000087b8  _memcpy                               
0     000087d5  __args_main                           
0     00008800  _firFXc1                              
0     0000880e  _firFXc2                              
0     0000881c  _firFPc1                              
0     0000882a  _firFPc2                              
0     000089b7  _InitGpioTZ                           
0     000089ce  _InitTZ                               
0     00008a10  _InitGpioGS                           
0     00008a84  _InitGpioEPWM1                        
0     00008a96  _InitGpioEPWM2                        
0     00008aa8  _InitGpioEPWM3                        
0     00008abc  _InitGpioEPWM4                        
0     00008ad0  _InitGpioEPWM5                        
0     00008ae2  _InitGpioEPWM6                        
0     00008af4  _InitGpioEPWM8                        
0     00008b08  _initEPWM1                            
0     00008b47  _initEPWMxMODE                        
0     00008b5d  _initEPWMxAB                          
0     00008bbc  _initEPWMxA                           
0     00008bda  _initEPWMxB                           
0     00008bfa  _initEPWMxInt                         
0     00008c24  _initEPWMxSyncIn                      
0     00008c37  _initEPWMxSyncOut                     
0     00008c3f  _initEPWMxASyncSOC                    
0     00008c6c  _initEPWMxBSyncSOC                    
0     00008c99  _initEPWM                             
0     00008cf8  _InitGpioEPWM                         
0     00008d24  _epwm3_int_isr                        
0     00008eab  _epwm1_tzint_isr                      
0     00008f05  FS$$DIV                               
0     00009000  _coeff_curr1                          
0     00009100  _coeff_curr2                          
0     00009200  _coeff_fp_c1                          
0     00009300  _coeff_fp_c2                          
0     00009332  _DMAInitialize                        
0     0000933d  _DMACH1AddrConfig                     
0     0000934d  _DMACH1BurstConfig                    
0     0000935d  _DMACH1TransferConfig                 
0     0000936d  _DMACH1WrapConfig                     
0     00009380  _DMACH1ModeConfig                     
0     000093ce  _StartDMACH1                          
0     000093d6  _DMACH2AddrConfig                     
0     000093e6  _DMACH2BurstConfig                    
0     000093f6  _DMACH2TransferConfig                 
0     00009406  _DMACH2WrapConfig                     
0     00009419  _DMACH2ModeConfig                     
0     00009468  _StartDMACH2                          
0     00009470  _DMACH3AddrConfig                     
0     00009480  _DMACH3BurstConfig                    
0     00009490  _DMACH3TransferConfig                 
0     000094a0  _DMACH3WrapConfig                     
0     000094b3  _DMACH3ModeConfig                     
0     00009501  _StartDMACH3                          
0     00009509  _DMACH4AddrConfig                     
0     00009519  _DMACH4BurstConfig                    
0     00009529  _DMACH4TransferConfig                 
0     00009539  _DMACH4WrapConfig                     
0     0000954c  _DMACH4ModeConfig                     
0     0000959b  _StartDMACH4                          
0     000095a3  _DMACH5AddrConfig                     
0     000095b3  _DMACH5BurstConfig                    
0     000095c3  _DMACH5TransferConfig                 
0     000095d3  _DMACH5WrapConfig                     
0     000095e6  _DMACH5ModeConfig                     
0     00009634  _StartDMACH5                          
0     0000963c  _DMACH6AddrConfig                     
0     0000964c  _DMACH6BurstConfig                    
0     0000965c  _DMACH6TransferConfig                 
0     0000966c  _DMACH6WrapConfig                     
0     0000967f  _DMACH6ModeConfig                     
0     000096ce  _StartDMACH6                          
0     000096d6  _DMACH1AddrConfig32bit                
0     000096e6  _DMACH2AddrConfig32bit                
0     000096f6  _DMACH3AddrConfig32bit                
0     00009706  _DMACH4AddrConfig32bit                
0     00009716  _DMACH5AddrConfig32bit                
0     00009726  _DMACH6AddrConfig32bit                
0     00009800  _InitADC                              
0     0000987d  _InitDMAforADCb                       
0     000098d1  _InitDMAforADCd                       
0     00009912  _InitDMAforADC                        
0     0000997c  _InitADCforCurrents                   
0     00009987  _InitADCforForces                     
0     0000999c  _InitSPI                              
0     000099c3  _InitSPIA                             
0     000099cc  _InitSPIB                             
0     000099d5  _InitGpioSPIA                         
0     000099fb  _InitGpioSPIB                         
0     00009a2b  _InitGpioSPIA_CS                      
0     00009a63  _InitGpioSPIB_CS                      
0     0000a000  _DCL_runClamp_C1                      
0     0000b000  _TIMER1_ISR                           
0     0000b00a  _TIMER2_ISR                           
0     0000b014  _DATALOG_ISR                          
0     0000b01e  _RTOS_ISR                             
0     0000b028  _EMU_ISR                              
0     0000b032  _NMI_ISR                              
0     0000b03c  _ILLEGAL_ISR                          
0     0000b046  _USER1_ISR                            
0     0000b050  _USER2_ISR                            
0     0000b05a  _USER3_ISR                            
0     0000b064  _USER4_ISR                            
0     0000b06e  _USER5_ISR                            
0     0000b078  _USER6_ISR                            
0     0000b082  _USER7_ISR                            
0     0000b08c  _USER8_ISR                            
0     0000b096  _USER9_ISR                            
0     0000b0a0  _USER10_ISR                           
0     0000b0aa  _USER11_ISR                           
0     0000b0b4  _USER12_ISR                           
0     0000b0be  _ADCA1_ISR                            
0     0000b0c8  _ADCB1_ISR                            
0     0000b0d2  _ADCC1_ISR                            
0     0000b0dc  _XINT1_ISR                            
0     0000b0e6  _XINT2_ISR                            
0     0000b0f0  _ADCD1_ISR                            
0     0000b0fa  _TIMER0_ISR                           
0     0000b104  _WAKE_ISR                             
0     0000b10e  _EPWM1_TZ_ISR                         
0     0000b118  _EPWM2_TZ_ISR                         
0     0000b122  _EPWM3_TZ_ISR                         
0     0000b12c  _EPWM4_TZ_ISR                         
0     0000b136  _EPWM5_TZ_ISR                         
0     0000b140  _EPWM6_TZ_ISR                         
0     0000b14a  _EPWM7_TZ_ISR                         
0     0000b154  _EPWM8_TZ_ISR                         
0     0000b15e  _EPWM1_ISR                            
0     0000b168  _EPWM2_ISR                            
0     0000b172  _EPWM3_ISR                            
0     0000b17c  _EPWM4_ISR                            
0     0000b186  _EPWM5_ISR                            
0     0000b190  _EPWM6_ISR                            
0     0000b19a  _EPWM7_ISR                            
0     0000b1a4  _EPWM8_ISR                            
0     0000b1ae  _ECAP1_ISR                            
0     0000b1b8  _ECAP2_ISR                            
0     0000b1c2  _ECAP3_ISR                            
0     0000b1cc  _ECAP4_ISR                            
0     0000b1d6  _ECAP5_ISR                            
0     0000b1e0  _ECAP6_ISR                            
0     0000b1ea  _EQEP1_ISR                            
0     0000b1f4  _EQEP2_ISR                            
0     0000b1fe  _EQEP3_ISR                            
0     0000b208  _SPIA_RX_ISR                          
0     0000b212  _SPIA_TX_ISR                          
0     0000b21c  _SPIB_RX_ISR                          
0     0000b226  _SPIB_TX_ISR                          
0     0000b230  _MCBSPA_RX_ISR                        
0     0000b23a  _MCBSPA_TX_ISR                        
0     0000b244  _MCBSPB_RX_ISR                        
0     0000b24e  _MCBSPB_TX_ISR                        
0     0000b258  _DMA_CH1_ISR                          
0     0000b262  _DMA_CH2_ISR                          
0     0000b26c  _DMA_CH3_ISR                          
0     0000b276  _DMA_CH4_ISR                          
0     0000b280  _DMA_CH5_ISR                          
0     0000b28a  _DMA_CH6_ISR                          
0     0000b294  _I2CA_ISR                             
0     0000b29e  _I2CA_FIFO_ISR                        
0     0000b2a8  _I2CB_ISR                             
0     0000b2b2  _I2CB_FIFO_ISR                        
0     0000b2bc  _SCIC_RX_ISR                          
0     0000b2c6  _SCIC_TX_ISR                          
0     0000b2d0  _SCID_RX_ISR                          
0     0000b2da  _SCID_TX_ISR                          
0     0000b2e4  _SCIA_RX_ISR                          
0     0000b2ee  _SCIA_TX_ISR                          
0     0000b2f8  _SCIB_RX_ISR                          
0     0000b302  _SCIB_TX_ISR                          
0     0000b30c  _CANA0_ISR                            
0     0000b316  _CANA1_ISR                            
0     0000b320  _CANB0_ISR                            
0     0000b32a  _CANB1_ISR                            
0     0000b334  _ADCA_EVT_ISR                         
0     0000b33e  _ADCA2_ISR                            
0     0000b348  _ADCA3_ISR                            
0     0000b352  _ADCA4_ISR                            
0     0000b35c  _ADCB_EVT_ISR                         
0     0000b366  _ADCB2_ISR                            
0     0000b370  _ADCB3_ISR                            
0     0000b37a  _ADCB4_ISR                            
0     0000b384  _CLA1_1_ISR                           
0     0000b38e  _CLA1_2_ISR                           
0     0000b398  _CLA1_3_ISR                           
0     0000b3a2  _CLA1_4_ISR                           
0     0000b3ac  _CLA1_5_ISR                           
0     0000b3b6  _CLA1_6_ISR                           
0     0000b3c0  _CLA1_7_ISR                           
0     0000b3ca  _CLA1_8_ISR                           
0     0000b3d4  _XINT3_ISR                            
0     0000b3de  _XINT4_ISR                            
0     0000b3e8  _XINT5_ISR                            
0     0000b3f2  _VCU_ISR                              
0     0000b3fc  _FPU_OVERFLOW_ISR                     
0     0000b406  _FPU_UNDERFLOW_ISR                    
0     0000b410  _IPC0_ISR                             
0     0000b41a  _IPC1_ISR                             
0     0000b424  _IPC2_ISR                             
0     0000b42e  _IPC3_ISR                             
0     0000b438  _EPWM9_TZ_ISR                         
0     0000b442  _EPWM10_TZ_ISR                        
0     0000b44c  _EPWM11_TZ_ISR                        
0     0000b456  _EPWM12_TZ_ISR                        
0     0000b460  _EPWM9_ISR                            
0     0000b46a  _EPWM10_ISR                           
0     0000b474  _EPWM11_ISR                           
0     0000b47e  _EPWM12_ISR                           
0     0000b488  _SD1_ISR                              
0     0000b492  _SD2_ISR                              
0     0000b49c  _SPIC_RX_ISR                          
0     0000b4a6  _SPIC_TX_ISR                          
0     0000b4b0  _UPPA_ISR                             
0     0000b4ba  _USBA_ISR                             
0     0000b4c4  _ADCC_EVT_ISR                         
0     0000b4ce  _ADCC2_ISR                            
0     0000b4d8  _ADCC3_ISR                            
0     0000b4e2  _ADCC4_ISR                            
0     0000b4ec  _ADCD_EVT_ISR                         
0     0000b4f6  _ADCD2_ISR                            
0     0000b500  _ADCD3_ISR                            
0     0000b50a  _ADCD4_ISR                            
0     0000b514  _EMIF_ERROR_ISR                       
0     0000b51e  _RAM_CORRECTABLE_ERROR_ISR            
0     0000b528  _FLASH_CORRECTABLE_ERROR_ISR          
0     0000b532  _RAM_ACCESS_VIOLATION_ISR             
0     0000b53c  _SYS_PLL_SLIP_ISR                     
0     0000b546  _AUX_PLL_SLIP_ISR                     
0     0000b550  _CLA_OVERFLOW_ISR                     
0     0000b55a  _CLA_UNDERFLOW_ISR                    
0     0000b564  _PIE_RESERVED_ISR                     
0     0000b56e  _EMPTY_ISR                            
0     0000b57b  _NOTUSED_ISR                          
0     0000b585  _InitGpio                             
0     0000b5c5  _GPIO_SetupPinMux                     
0     0000b651  _GPIO_SetupPinOptions                 
0     0000b6e5  _GPIO_SetupLock                       
0     0000b70e  _GPIO_SetupXINT1Gpio                  
0     0000b718  _GPIO_SetupXINT2Gpio                  
0     0000b722  _GPIO_SetupXINT3Gpio                  
0     0000b72c  _GPIO_SetupXINT4Gpio                  
0     0000b736  _GPIO_SetupXINT5Gpio                  
0     0000b740  _GPIO_EnableUnbondedIOPullupsFor176Pin
0     0000b759  _GPIO_EnableUnbondedIOPullupsFor100Pin
0     0000b77e  _GPIO_EnableUnbondedIOPullups         
0     0000b794  _GPIO_ReadPin                         
0     0000b7ab  _GPIO_WritePin                        
0     0000b7c9  _FIR_FP_init                          
0     0000b7d5  _FIR_FP_calc                          
1     00000400  __stack                               
1     00000500  __STACK_END                           
1     00000b00  _AdcaResultRegs                       
1     00000b20  _AdcbResultRegs                       
1     00000b40  _AdccResultRegs                       
1     00000b60  _AdcdResultRegs                       
1     00000c00  _CpuTimer0Regs                        
1     00000c08  _CpuTimer1Regs                        
1     00000c10  _CpuTimer2Regs                        
1     00000ce0  _PieCtrlRegs                          
1     00000d00  _EmuBMode                             
1     00000d00  _PieVectTable                         
1     00000d01  _EmuBootPins                          
1     00001000  _DmaRegs                              
1     00001400  _Cla1Regs                             
1     00004000  _EPwm1Regs                            
1     00004100  _EPwm2Regs                            
1     00004200  _EPwm3Regs                            
1     00004300  _EPwm4Regs                            
1     00004400  _EPwm5Regs                            
1     00004500  _EPwm6Regs                            
1     00004600  _EPwm7Regs                            
1     00004700  _EPwm8Regs                            
1     00004800  _EPwm9Regs                            
1     00004900  _EPwm10Regs                           
1     00004a00  _EPwm11Regs                           
1     00004b00  _EPwm12Regs                           
1     00005000  _ECap1Regs                            
1     00005020  _ECap2Regs                            
1     00005040  _ECap3Regs                            
1     00005060  _ECap4Regs                            
1     00005080  _ECap5Regs                            
1     000050a0  _ECap6Regs                            
1     00005100  _EQep1Regs                            
1     00005140  _EQep2Regs                            
1     00005180  _EQep3Regs                            
1     00005c00  _DacaRegs                             
1     00005c10  _DacbRegs                             
1     00005c20  _DaccRegs                             
1     00005c80  _Cmpss1Regs                           
1     00005ca0  _Cmpss2Regs                           
1     00005cc0  _Cmpss3Regs                           
1     00005ce0  _Cmpss4Regs                           
1     00005d00  _Cmpss5Regs                           
1     00005d20  _Cmpss6Regs                           
1     00005d40  _Cmpss7Regs                           
1     00005d60  _Cmpss8Regs                           
1     00005e00  _Sdfm1Regs                            
1     00005e80  _Sdfm2Regs                            
1     00006000  _McbspaRegs                           
1     00006040  _McbspbRegs                           
1     00006100  _SpiaRegs                             
1     00006110  _SpibRegs                             
1     00006120  _SpicRegs                             
1     00006200  _UppRegs                              
1     00007000  _WdRegs                               
1     00007060  _NmiIntruptRegs                       
1     00007070  _XintRegs                             
1     00007200  _SciaRegs                             
1     00007210  _ScibRegs                             
1     00007220  _ScicRegs                             
1     00007230  _ScidRegs                             
1     00007300  _I2caRegs                             
1     00007340  _I2cbRegs                             
1     00007400  _AdcaRegs                             
1     00007480  _AdcbRegs                             
1     00007500  _AdccRegs                             
1     00007580  _AdcdRegs                             
1     00007900  _InputXbarRegs                        
1     00007920  _XbarRegs                             
1     00007940  _SyncSocRegs                          
1     00007980  _DmaClaSrcSelRegs                     
1     00007a00  _EPwmXbarRegs                         
1     00007a80  _OutputXbarRegs                       
1     00007c00  _GpioCtrlRegs                         
1     00007f00  _GpioDataRegs                         
1     0000a800  _PieVectTableInit                     
1     0000aa2c  _gpio8                                
1     0000aa2d  _gpio9                                
1     0000aa2e  _DacbVal                              
1     0000aa2f  _DacaVal                              
1     0000aa30  _pwm1                                 
1     0000aa32  _freq_cpu_res                         
1     0000aa34  _pwm3                                 
1     0000aa36  _pwm2                                 
1     0000aa38  _pwm4                                 
1     0000aa3a  _i                                    
1     0000aa3e  __lock                                
1     0000aa40  _byte_spi1                            
1     0000aa41  _byte_spi2                            
1     0000aa42  _angl_adr_msg                         
1     0000aa43  _byte_cnt                             
1     0000aa44  _c1fp                                 
1     0000aa46  _cntpwm                               
1     0000aa48  _c1fx                                 
1     0000aa4a  _c2fp                                 
1     0000aa4c  _out_test                             
1     0000aa4e  _in_test                              
1     0000aa50  _divider                              
1     0000aa52  _out_test_float                       
1     0000aa54  _lk                                   
1     0000aa56  _yk                                   
1     0000aa58  _ang_per_div                          
1     0000aa5a  _uk                                   
1     0000aa5c  _IdleLoopCount                        
1     0000aa5e  _c2fx                                 
1     0000aa60  _rk                                   
1     0000aa66  _IsrCount                             
1     0000aa68  _angl_get_arr                         
1     0000aa80  _curr2_test                           
1     0000ab00  _curr1_test                           
1     0000ab64  _CpuTimer1                            
1     0000ab6c  _CpuTimer2                            
1     0000ab74  _CpuTimer0                            
1     0000ab80  _DMADest                              
1     0000ab82  _DMASource                            
1     0000ab84  _current2ff                           
1     0000ab86  _current1                             
1     0000ab88  _currents                             
1     0000ab8a  _current2                             
1     0000ab8c  _current2f                            
1     0000ab8e  _current1f                            
1     0000ab90  _current1ff                           
1     0000ab92  _pid1                                 
1     0000abb4  _force1                               
1     0000abb6  _force2                               
1     0000abb8  _forces                               
1     0000abba  ___TI_enable_exit_profile_output      
1     0000abbc  ___TI_cleanup_ptr                     
1     0000abbe  ___TI_dtors_ptr                       
1     0000abc0  __unlock                              
1     0000c000  _DMA_Buf                              
1     0000c080  _DMA_force_buf                        
1     00047000  _Emif1Regs                            
1     00047800  _Emif2Regs                            
1     00048000  _CanaRegs                             
1     0004a000  _CanbRegs                             
1     00050000  _IpcRegs                              
1     00050024  _FlashPumpSemaphoreRegs               
1     0005d000  _DevCfgRegs                           
1     0005d180  _AnalogSubsysRegs                     
1     0005d200  _ClkCfgRegs                           
1     0005d300  _CpuSysRegs                           
1     0005e608  _RomPrefetchRegs                      
1     0005f000  _DcsmZ1Regs                           
1     0005f040  _DcsmZ2Regs                           
1     0005f070  _DcsmCommonRegs                       
1     0005f400  _MemCfgRegs                           
1     0005f480  _Emif1ConfigRegs                      
1     0005f4a0  _Emif2ConfigRegs                      
1     0005f4c0  _AccessProtectionRegs                 
1     0005f500  _MemoryErrorRegs                      
1     0005f540  _RomWaitStateRegs                     
1     0005f800  _Flash0CtrlRegs                       
1     0005fb00  _Flash0EccRegs                        
abs   00000100  __STACK_SIZE                          
abs   ffffffff  .text                                 
abs   ffffffff  ___TI_pprof_out_hndl                  
abs   ffffffff  ___TI_prof_data_size                  
abs   ffffffff  ___TI_prof_data_start                 
abs   ffffffff  ___binit__                            
abs   ffffffff  ___c_args__                           
abs   ffffffff  ___etext__                            
abs   ffffffff  ___pinit__                            
abs   ffffffff  ___text__                             
abs   ffffffff  binit                                 
abs   ffffffff  etext                                 
abs   ffffffff  pinit                                 

[483 symbols]
