<?xml version="1.0" encoding="ISO-8859-1" ?>
<link_info>
   <banner>TMS320C2000 Linker PC v18.1.4.LTS</banner>
   <copyright>Copyright (c) 1996-2018 Texas Instruments Incorporated</copyright>
   <link_time>0x5c3ef1d4</link_time>
   <link_errors>0x0</link_errors>
   <output_file>LAUNCHXL-F28379D_DC_motor.out</output_file>
   <entry_point>
      <name>_c_int00</name>
      <address>0x13976</address>
   </entry_point>
   <input_file_list>
      <input_file id="fl-2">
         <path>.\</path>
         <kind>object</kind>
         <file>DCL_PID_C4.obj</file>
         <name>DCL_PID_C4.obj</name>
      </input_file>
      <input_file id="fl-3">
         <path>.\</path>
         <kind>object</kind>
         <file>F2837xD_CodeStartBranch.obj</file>
         <name>F2837xD_CodeStartBranch.obj</name>
      </input_file>
      <input_file id="fl-4">
         <path>.\</path>
         <kind>object</kind>
         <file>F2837xD_CpuTimers.obj</file>
         <name>F2837xD_CpuTimers.obj</name>
      </input_file>
      <input_file id="fl-5">
         <path>.\</path>
         <kind>object</kind>
         <file>F2837xD_DefaultISR.obj</file>
         <name>F2837xD_DefaultISR.obj</name>
      </input_file>
      <input_file id="fl-6">
         <path>.\</path>
         <kind>object</kind>
         <file>F2837xD_Dma.obj</file>
         <name>F2837xD_Dma.obj</name>
      </input_file>
      <input_file id="fl-7">
         <path>.\</path>
         <kind>object</kind>
         <file>F2837xD_EPwm.obj</file>
         <name>F2837xD_EPwm.obj</name>
      </input_file>
      <input_file id="fl-8">
         <path>.\</path>
         <kind>object</kind>
         <file>F2837xD_GlobalVariableDefs.obj</file>
         <name>F2837xD_GlobalVariableDefs.obj</name>
      </input_file>
      <input_file id="fl-9">
         <path>.\</path>
         <kind>object</kind>
         <file>F2837xD_Gpio.obj</file>
         <name>F2837xD_Gpio.obj</name>
      </input_file>
      <input_file id="fl-a">
         <path>.\</path>
         <kind>object</kind>
         <file>F2837xD_PieCtrl.obj</file>
         <name>F2837xD_PieCtrl.obj</name>
      </input_file>
      <input_file id="fl-b">
         <path>.\</path>
         <kind>object</kind>
         <file>F2837xD_PieVect.obj</file>
         <name>F2837xD_PieVect.obj</name>
      </input_file>
      <input_file id="fl-c">
         <path>.\</path>
         <kind>object</kind>
         <file>F2837xD_Spi.obj</file>
         <name>F2837xD_Spi.obj</name>
      </input_file>
      <input_file id="fl-d">
         <path>.\</path>
         <kind>object</kind>
         <file>F2837xD_SysCtrl.obj</file>
         <name>F2837xD_SysCtrl.obj</name>
      </input_file>
      <input_file id="fl-e">
         <path>.\</path>
         <kind>object</kind>
         <file>F2837xD_usDelay.obj</file>
         <name>F2837xD_usDelay.obj</name>
      </input_file>
      <input_file id="fl-f">
         <path>.\</path>
         <kind>object</kind>
         <file>_adc.obj</file>
         <name>_adc.obj</name>
      </input_file>
      <input_file id="fl-10">
         <path>.\</path>
         <kind>object</kind>
         <file>_angle_loop.obj</file>
         <name>_angle_loop.obj</name>
      </input_file>
      <input_file id="fl-11">
         <path>.\</path>
         <kind>object</kind>
         <file>_current_loop.obj</file>
         <name>_current_loop.obj</name>
      </input_file>
      <input_file id="fl-12">
         <path>.\</path>
         <kind>object</kind>
         <file>_dac.obj</file>
         <name>_dac.obj</name>
      </input_file>
      <input_file id="fl-13">
         <path>.\</path>
         <kind>object</kind>
         <file>_epwm.obj</file>
         <name>_epwm.obj</name>
      </input_file>
      <input_file id="fl-14">
         <path>.\</path>
         <kind>object</kind>
         <file>_force_loop.obj</file>
         <name>_force_loop.obj</name>
      </input_file>
      <input_file id="fl-15">
         <path>.\</path>
         <kind>object</kind>
         <file>_globals.obj</file>
         <name>_globals.obj</name>
      </input_file>
      <input_file id="fl-16">
         <path>.\</path>
         <kind>object</kind>
         <file>_led.obj</file>
         <name>_led.obj</name>
      </input_file>
      <input_file id="fl-17">
         <path>.\</path>
         <kind>object</kind>
         <file>_main_DC_motor.obj</file>
         <name>_main_DC_motor.obj</name>
      </input_file>
      <input_file id="fl-18">
         <path>.\</path>
         <kind>object</kind>
         <file>_spi.obj</file>
         <name>_spi.obj</name>
      </input_file>
      <input_file id="fl-19">
         <path>.\</path>
         <kind>object</kind>
         <file>_timer.obj</file>
         <name>_timer.obj</name>
      </input_file>
      <input_file id="fl-1a">
         <path>.\device\</path>
         <kind>object</kind>
         <file>device.obj</file>
         <name>device.obj</name>
      </input_file>
      <input_file id="fl-24">
         <kind>object</kind>
         <file>&lt;internal&gt;</file>
         <name>&lt;internal&gt;</name>
      </input_file>
      <input_file id="fl-25">
         <path>..\</path>
         <kind>archive</kind>
         <file>driverlib.lib</file>
         <name>sysctl.obj</name>
      </input_file>
      <input_file id="fl-26">
         <path>C:\ti\c2000\C2000Ware_1_00_06_00\libraries\dsp\FixedPoint\c28\lib\</path>
         <kind>archive</kind>
         <file>c28x_fixedpoint_dsp_library_fpu32.lib</file>
         <name>fir32.obj</name>
      </input_file>
      <input_file id="fl-27">
         <path>C:\ti\c2000\C2000Ware_1_00_06_00\libraries\math\FPUfastRTS\c28\lib\</path>
         <kind>archive</kind>
         <file>rts2800_fpu32_fast_supplement.lib</file>
         <name>div_f32.obj</name>
      </input_file>
      <input_file id="fl-28">
         <path>C:\ti\ccsv8\tools\compiler\ti-cgt-c2000_18.1.4.LTS\lib\</path>
         <kind>archive</kind>
         <file>rts2800_fpu32.lib</file>
         <name>boot28.asm.obj</name>
      </input_file>
      <input_file id="fl-29">
         <path>C:\ti\ccsv8\tools\compiler\ti-cgt-c2000_18.1.4.LTS\lib\</path>
         <kind>archive</kind>
         <file>rts2800_fpu32.lib</file>
         <name>l_div28.asm.obj</name>
      </input_file>
      <input_file id="fl-2a">
         <path>C:\ti\ccsv8\tools\compiler\ti-cgt-c2000_18.1.4.LTS\lib\</path>
         <kind>archive</kind>
         <file>rts2800_fpu32.lib</file>
         <name>cpy_tbl.c.obj</name>
      </input_file>
      <input_file id="fl-2b">
         <path>C:\ti\ccsv8\tools\compiler\ti-cgt-c2000_18.1.4.LTS\lib\</path>
         <kind>archive</kind>
         <file>rts2800_fpu32.lib</file>
         <name>memcpy.c.obj</name>
      </input_file>
      <input_file id="fl-2c">
         <path>C:\ti\ccsv8\tools\compiler\ti-cgt-c2000_18.1.4.LTS\lib\</path>
         <kind>archive</kind>
         <file>rts2800_fpu32.lib</file>
         <name>pre_init.c.obj</name>
      </input_file>
      <input_file id="fl-2d">
         <path>C:\ti\ccsv8\tools\compiler\ti-cgt-c2000_18.1.4.LTS\lib\</path>
         <kind>archive</kind>
         <file>rts2800_fpu32.lib</file>
         <name>startup.c.obj</name>
      </input_file>
      <input_file id="fl-2e">
         <path>C:\ti\ccsv8\tools\compiler\ti-cgt-c2000_18.1.4.LTS\lib\</path>
         <kind>archive</kind>
         <file>rts2800_fpu32.lib</file>
         <name>exit.c.obj</name>
      </input_file>
      <input_file id="fl-2f">
         <path>C:\ti\ccsv8\tools\compiler\ti-cgt-c2000_18.1.4.LTS\lib\</path>
         <kind>archive</kind>
         <file>rts2800_fpu32.lib</file>
         <name>_lock.c.obj</name>
      </input_file>
      <input_file id="fl-30">
         <path>C:\ti\ccsv8\tools\compiler\ti-cgt-c2000_18.1.4.LTS\lib\</path>
         <kind>archive</kind>
         <file>rts2800_fpu32.lib</file>
         <name>args_main.c.obj</name>
      </input_file>
      <input_file id="fl-31">
         <path>C:\ti\c2000\C2000Ware_1_00_06_00\libraries\dsp\FPU\c28\lib\</path>
         <kind>archive</kind>
         <file>c28x_fpu_dsp_library.lib</file>
         <name>FIR_f32.obj</name>
      </input_file>
   </input_file_list>
   <object_component_list>
      <object_component id="oc-9e">
         <name>codestart</name>
         <load_address>0x0</load_address>
         <run_address>0x0</run_address>
         <size>0x2</size>
         <input_file_ref idref="fl-3"/>
      </object_component>
      <object_component id="oc-1ef">
         <name>.text</name>
         <load_address>0x352</load_address>
         <run_address>0x352</run_address>
         <size>0x6c</size>
         <input_file_ref idref="fl-11"/>
      </object_component>
      <object_component id="oc-1da">
         <name>.text</name>
         <load_address>0x3be</load_address>
         <run_address>0x3be</run_address>
         <size>0x37</size>
         <input_file_ref idref="fl-31"/>
      </object_component>
      <object_component id="oc-1f5">
         <name>.text</name>
         <load_address>0x3f5</load_address>
         <run_address>0x3f5</run_address>
         <size>0x9</size>
         <input_file_ref idref="fl-2f"/>
      </object_component>
      <object_component id="oc-1df">
         <name>.text</name>
         <load_address>0x3fe</load_address>
         <run_address>0x3fe</run_address>
         <size>0x2</size>
         <input_file_ref idref="fl-2c"/>
      </object_component>
      <object_component id="oc-aa">
         <name>.text:retain</name>
         <load_address>0xb000</load_address>
         <run_address>0xb000</run_address>
         <size>0x585</size>
         <input_file_ref idref="fl-5"/>
      </object_component>
      <object_component id="oc-1ec">
         <name>.text</name>
         <load_address>0xb585</load_address>
         <run_address>0xb585</run_address>
         <size>0x244</size>
         <input_file_ref idref="fl-9"/>
      </object_component>
      <object_component id="oc-18a">
         <name>.text:retain</name>
         <load_address>0xb7c9</load_address>
         <run_address>0xb7c9</run_address>
         <size>0x36</size>
         <input_file_ref idref="fl-18"/>
      </object_component>
      <object_component id="oc-1e1">
         <name>.text</name>
         <load_address>0xb7ff</load_address>
         <run_address>0xb7ff</run_address>
         <size>0x1</size>
         <input_file_ref idref="fl-2d"/>
      </object_component>
      <object_component id="oc-1e6">
         <name>.text</name>
         <load_address>0x12000</load_address>
         <run_address>0x12000</run_address>
         <size>0x4ec</size>
         <input_file_ref idref="fl-13"/>
      </object_component>
      <object_component id="oc-1eb">
         <name>.text</name>
         <load_address>0x124ec</load_address>
         <run_address>0x124ec</run_address>
         <size>0x486</size>
         <input_file_ref idref="fl-d"/>
      </object_component>
      <object_component id="oc-1f3">
         <name>.text</name>
         <load_address>0x12972</load_address>
         <run_address>0x12972</run_address>
         <size>0x461</size>
         <input_file_ref idref="fl-f"/>
      </object_component>
      <object_component id="oc-16b">
         <name>.text:retain</name>
         <load_address>0x12dd3</load_address>
         <run_address>0x12dd3</run_address>
         <size>0x196</size>
         <input_file_ref idref="fl-13"/>
      </object_component>
      <object_component id="oc-13d">
         <name>.text:retain</name>
         <load_address>0x12f69</load_address>
         <run_address>0x12f69</run_address>
         <size>0x5a</size>
         <input_file_ref idref="fl-f"/>
      </object_component>
      <object_component id="oc-1b0">
         <name>.text</name>
         <load_address>0x12fc3</load_address>
         <run_address>0x12fc3</run_address>
         <size>0x2a</size>
         <input_file_ref idref="fl-29"/>
      </object_component>
      <object_component id="oc-1f2">
         <name>.text</name>
         <load_address>0x13000</load_address>
         <run_address>0x13000</run_address>
         <size>0x404</size>
         <input_file_ref idref="fl-6"/>
      </object_component>
      <object_component id="oc-1e5">
         <name>.text</name>
         <load_address>0x13404</load_address>
         <run_address>0x13404</run_address>
         <size>0x303</size>
         <input_file_ref idref="fl-10"/>
      </object_component>
      <object_component id="oc-1e8">
         <name>.text</name>
         <load_address>0x13707</load_address>
         <run_address>0x13707</run_address>
         <size>0x172</size>
         <input_file_ref idref="fl-17"/>
      </object_component>
      <object_component id="oc-1f4">
         <name>.text</name>
         <load_address>0x13879</load_address>
         <run_address>0x13879</run_address>
         <size>0xfd</size>
         <input_file_ref idref="fl-18"/>
      </object_component>
      <object_component id="oc-98">
         <name>.text</name>
         <load_address>0x13976</load_address>
         <run_address>0x13976</run_address>
         <size>0x56</size>
         <input_file_ref idref="fl-28"/>
      </object_component>
      <object_component id="oc-1e3">
         <name>.text</name>
         <load_address>0x139cc</load_address>
         <run_address>0x139cc</run_address>
         <size>0x29</size>
         <input_file_ref idref="fl-2e"/>
      </object_component>
      <object_component id="oc-1ed">
         <name>.text</name>
         <load_address>0x139f5</load_address>
         <run_address>0x139f5</run_address>
         <size>0x28</size>
         <input_file_ref idref="fl-a"/>
      </object_component>
      <object_component id="oc-1ee">
         <name>.text</name>
         <load_address>0x13a1d</load_address>
         <run_address>0x13a1d</run_address>
         <size>0x26</size>
         <input_file_ref idref="fl-b"/>
      </object_component>
      <object_component id="oc-1a2">
         <name>.text</name>
         <load_address>0x13a44</load_address>
         <run_address>0x13a44</run_address>
         <size>0x26</size>
         <input_file_ref idref="fl-26"/>
      </object_component>
      <object_component id="oc-1e0">
         <name>.text</name>
         <load_address>0x13a6a</load_address>
         <run_address>0x13a6a</run_address>
         <size>0x24</size>
         <input_file_ref idref="fl-2a"/>
      </object_component>
      <object_component id="oc-1f0">
         <name>.text</name>
         <load_address>0x13a8e</load_address>
         <run_address>0x13a8e</run_address>
         <size>0x20</size>
         <input_file_ref idref="fl-16"/>
      </object_component>
      <object_component id="oc-1f1">
         <name>.text</name>
         <load_address>0x13aae</load_address>
         <run_address>0x13aae</run_address>
         <size>0x1d</size>
         <input_file_ref idref="fl-12"/>
      </object_component>
      <object_component id="oc-1e7">
         <name>.text</name>
         <load_address>0x13acb</load_address>
         <run_address>0x13acb</run_address>
         <size>0x1d</size>
         <input_file_ref idref="fl-2b"/>
      </object_component>
      <object_component id="oc-1e2">
         <name>.text</name>
         <load_address>0x13ae8</load_address>
         <run_address>0x13ae8</run_address>
         <size>0x19</size>
         <input_file_ref idref="fl-30"/>
      </object_component>
      <object_component id="oc-1a6">
         <name>.text</name>
         <load_address>0x13b01</load_address>
         <run_address>0x13b01</run_address>
         <size>0x19</size>
         <input_file_ref idref="fl-27"/>
      </object_component>
      <object_component id="oc-190">
         <name>.text:retain</name>
         <load_address>0x13b1a</load_address>
         <run_address>0x13b1a</run_address>
         <size>0x16</size>
         <input_file_ref idref="fl-19"/>
      </object_component>
      <object_component id="oc-143">
         <name>.cinit</name>
         <load_address>0x122</load_address>
         <run_address>0x122</run_address>
         <size>0xa7</size>
         <input_file_ref idref="fl-10"/>
      </object_component>
      <object_component id="oc-169">
         <name>.cinit</name>
         <load_address>0x1c9</load_address>
         <run_address>0x1c9</run_address>
         <size>0x73</size>
         <input_file_ref idref="fl-13"/>
      </object_component>
      <object_component id="oc-150">
         <name>.cinit</name>
         <load_address>0x23c</load_address>
         <run_address>0x23c</run_address>
         <size>0x72</size>
         <input_file_ref idref="fl-11"/>
      </object_component>
      <object_component id="oc-181">
         <name>.cinit</name>
         <load_address>0x2ae</load_address>
         <run_address>0x2ae</run_address>
         <size>0x30</size>
         <input_file_ref idref="fl-17"/>
      </object_component>
      <object_component id="oc-13b">
         <name>.cinit</name>
         <load_address>0x2de</load_address>
         <run_address>0x2de</run_address>
         <size>0x19</size>
         <input_file_ref idref="fl-f"/>
      </object_component>
      <object_component id="oc-171">
         <name>.cinit</name>
         <load_address>0x2f7</load_address>
         <run_address>0x2f7</run_address>
         <size>0xf</size>
         <input_file_ref idref="fl-14"/>
      </object_component>
      <object_component id="oc-1ca">
         <name>.cinit</name>
         <load_address>0x306</load_address>
         <run_address>0x306</run_address>
         <size>0xe</size>
         <input_file_ref idref="fl-2e"/>
      </object_component>
      <object_component id="oc-188">
         <name>.cinit</name>
         <load_address>0x314</load_address>
         <run_address>0x314</run_address>
         <size>0xa</size>
         <input_file_ref idref="fl-18"/>
      </object_component>
      <object_component id="oc-1ea">
         <name>.cinit:__lock</name>
         <load_address>0x31e</load_address>
         <run_address>0x31e</run_address>
         <size>0x5</size>
         <input_file_ref idref="fl-2f"/>
      </object_component>
      <object_component id="oc-1f6">
         <name>.cinit:__unlock</name>
         <load_address>0x323</load_address>
         <run_address>0x323</run_address>
         <size>0x5</size>
         <input_file_ref idref="fl-2f"/>
      </object_component>
      <object_component id="oc-1f8">
         <name>.switch:_InitADC_sampling</name>
         <load_address>0x32a</load_address>
         <run_address>0x32a</run_address>
         <size>0x20</size>
         <input_file_ref idref="fl-f"/>
      </object_component>
      <object_component id="oc-1ab">
         <name>.reset</name>
         <load_address>0x3fffc0</load_address>
         <run_address>0x3fffc0</run_address>
         <size>0x2</size>
         <input_file_ref idref="fl-28"/>
      </object_component>
      <object_component id="oc-1aa">
         <name>.stack</name>
         <uninitialized>true</uninitialized>
         <run_address>0x400</run_address>
         <size>0x0</size>
         <input_file_ref idref="fl-28"/>
      </object_component>
      <object_component id="oc-29a">
         <name>.stack</name>
         <uninitialized>true</uninitialized>
         <run_address>0x400</run_address>
         <size>0x0</size>
      </object_component>
      <object_component id="oc-a4">
         <name>.ebss</name>
         <uninitialized>true</uninitialized>
         <run_address>0xab64</run_address>
         <size>0x18</size>
         <input_file_ref idref="fl-4"/>
      </object_component>
      <object_component id="oc-13c">
         <name>.ebss</name>
         <uninitialized>true</uninitialized>
         <run_address>0xaa34</run_address>
         <size>0xa</size>
         <input_file_ref idref="fl-f"/>
      </object_component>
      <object_component id="oc-144">
         <name>.ebss</name>
         <uninitialized>true</uninitialized>
         <run_address>0xab80</run_address>
         <size>0x80</size>
         <input_file_ref idref="fl-10"/>
      </object_component>
      <object_component id="oc-151">
         <name>.ebss</name>
         <uninitialized>true</uninitialized>
         <run_address>0xac00</run_address>
         <size>0x2e</size>
         <input_file_ref idref="fl-11"/>
      </object_component>
      <object_component id="oc-16a">
         <name>.ebss</name>
         <uninitialized>true</uninitialized>
         <run_address>0xaa40</run_address>
         <size>0x124</size>
         <input_file_ref idref="fl-13"/>
      </object_component>
      <object_component id="oc-172">
         <name>.ebss</name>
         <uninitialized>true</uninitialized>
         <run_address>0xac40</run_address>
         <size>0x6</size>
         <input_file_ref idref="fl-14"/>
      </object_component>
      <object_component id="oc-182">
         <name>.ebss</name>
         <uninitialized>true</uninitialized>
         <run_address>0xac2e</run_address>
         <size>0x12</size>
         <input_file_ref idref="fl-17"/>
      </object_component>
      <object_component id="oc-189">
         <name>.ebss</name>
         <uninitialized>true</uninitialized>
         <run_address>0xab7c</run_address>
         <size>0x4</size>
         <input_file_ref idref="fl-18"/>
      </object_component>
      <object_component id="oc-1cb">
         <name>.ebss</name>
         <uninitialized>true</uninitialized>
         <run_address>0xac46</run_address>
         <size>0x6</size>
         <input_file_ref idref="fl-2e"/>
      </object_component>
      <object_component id="oc-1fc">
         <name>.ebss:__unlock</name>
         <uninitialized>true</uninitialized>
         <run_address>0xac4c</run_address>
         <size>0x2</size>
         <input_file_ref idref="fl-2f"/>
      </object_component>
      <object_component id="oc-1e9">
         <name>.ebss:__lock</name>
         <uninitialized>true</uninitialized>
         <run_address>0xaa3e</run_address>
         <size>0x2</size>
         <input_file_ref idref="fl-2f"/>
      </object_component>
      <object_component id="oc-1f7">
         <name>.econst:_PieVectTableInit</name>
         <load_address>0xa800</load_address>
         <run_address>0xa800</run_address>
         <size>0x1c0</size>
         <input_file_ref idref="fl-b"/>
      </object_component>
      <object_component id="oc-19d">
         <name>.econst:.string</name>
         <load_address>0xa9c0</load_address>
         <run_address>0xa9c0</run_address>
         <size>0x58</size>
         <input_file_ref idref="fl-25"/>
      </object_component>
      <object_component id="oc-196">
         <name>.econst:.string</name>
         <load_address>0xaa18</load_address>
         <run_address>0xaa18</run_address>
         <size>0x13</size>
         <input_file_ref idref="fl-1a"/>
      </object_component>
      <object_component id="oc-1fb">
         <name>.econst:_$P$T2$7</name>
         <load_address>0xaa2b</load_address>
         <run_address>0xaa2b</run_address>
         <size>0x1</size>
         <input_file_ref idref="fl-f"/>
      </object_component>
      <object_component id="oc-1e4">
         <name>.econst:_$P$T0$2</name>
         <load_address>0xaa2c</load_address>
         <run_address>0xaa2c</run_address>
         <size>0x4</size>
         <input_file_ref idref="fl-13"/>
      </object_component>
      <object_component id="oc-1f9">
         <name>.econst:_$P$T0$5</name>
         <load_address>0xaa30</load_address>
         <run_address>0xaa30</run_address>
         <size>0x2</size>
         <input_file_ref idref="fl-f"/>
      </object_component>
      <object_component id="oc-1fa">
         <name>.econst:_$P$T1$6</name>
         <load_address>0xaa32</load_address>
         <run_address>0xaa32</run_address>
         <size>0x2</size>
         <input_file_ref idref="fl-f"/>
      </object_component>
      <object_component id="oc-15e">
         <name>ramgs0</name>
         <uninitialized>true</uninitialized>
         <run_address>0xc000</run_address>
         <size>0x64</size>
         <input_file_ref idref="fl-11"/>
      </object_component>
      <object_component id="oc-173">
         <name>ramgs0</name>
         <uninitialized>true</uninitialized>
         <run_address>0xc080</run_address>
         <size>0x64</size>
         <input_file_ref idref="fl-14"/>
      </object_component>
      <object_component id="oc-179">
         <name>ramgs0</name>
         <uninitialized>true</uninitialized>
         <run_address>0xc100</run_address>
         <size>0x64</size>
         <input_file_ref idref="fl-15"/>
      </object_component>
      <object_component id="oc-135">
         <name>.TI.ramfunc</name>
         <load_address>0x34a</load_address>
         <run_address>0x34a</run_address>
         <size>0x4</size>
         <input_file_ref idref="fl-e"/>
      </object_component>
      <object_component id="oc-19c">
         <name>.TI.ramfunc</name>
         <load_address>0x34e</load_address>
         <run_address>0x34e</run_address>
         <size>0x4</size>
         <input_file_ref idref="fl-25"/>
      </object_component>
      <object_component id="oc-159">
         <name>firldb_fixp_c1</name>
         <uninitialized>true</uninitialized>
         <run_address>0x8000</run_address>
         <size>0x32</size>
         <input_file_ref idref="fl-11"/>
      </object_component>
      <object_component id="oc-158">
         <name>firldb_fixp_c2</name>
         <uninitialized>true</uninitialized>
         <run_address>0x8100</run_address>
         <size>0x32</size>
         <input_file_ref idref="fl-11"/>
      </object_component>
      <object_component id="oc-154">
         <name>firfilt_fixp_c1</name>
         <uninitialized>true</uninitialized>
         <run_address>0x8800</run_address>
         <size>0xe</size>
         <input_file_ref idref="fl-11"/>
      </object_component>
      <object_component id="oc-153">
         <name>firfilt_fixp_c2</name>
         <uninitialized>true</uninitialized>
         <run_address>0x880e</run_address>
         <size>0xe</size>
         <input_file_ref idref="fl-11"/>
      </object_component>
      <object_component id="oc-15b">
         <name>coefffilt_fixp_c1</name>
         <load_address>0x9000</load_address>
         <run_address>0x9000</run_address>
         <size>0x32</size>
         <input_file_ref idref="fl-11"/>
      </object_component>
      <object_component id="oc-15d">
         <name>coefffilt_fixp_c2</name>
         <load_address>0x9100</load_address>
         <run_address>0x9100</run_address>
         <size>0x32</size>
         <input_file_ref idref="fl-11"/>
      </object_component>
      <object_component id="oc-15a">
         <name>firldb_fp_c1</name>
         <uninitialized>true</uninitialized>
         <run_address>0x8200</run_address>
         <size>0x32</size>
         <input_file_ref idref="fl-11"/>
      </object_component>
      <object_component id="oc-15c">
         <name>firldb_fp_c2</name>
         <uninitialized>true</uninitialized>
         <run_address>0x8300</run_address>
         <size>0x32</size>
         <input_file_ref idref="fl-11"/>
      </object_component>
      <object_component id="oc-145">
         <name>firldb_fp_ang1</name>
         <uninitialized>true</uninitialized>
         <run_address>0x8400</run_address>
         <size>0x8</size>
         <input_file_ref idref="fl-10"/>
      </object_component>
      <object_component id="oc-146">
         <name>firldb_fp_ang2</name>
         <uninitialized>true</uninitialized>
         <run_address>0x8500</run_address>
         <size>0x8</size>
         <input_file_ref idref="fl-10"/>
      </object_component>
      <object_component id="oc-155">
         <name>firfilt_fp_c1</name>
         <uninitialized>true</uninitialized>
         <run_address>0x8840</run_address>
         <size>0xe</size>
         <input_file_ref idref="fl-11"/>
      </object_component>
      <object_component id="oc-152">
         <name>firfilt_fp_c2</name>
         <uninitialized>true</uninitialized>
         <run_address>0x884e</run_address>
         <size>0xe</size>
         <input_file_ref idref="fl-11"/>
      </object_component>
      <object_component id="oc-149">
         <name>firfilt_fp_ang1</name>
         <uninitialized>true</uninitialized>
         <run_address>0x881c</run_address>
         <size>0xe</size>
         <input_file_ref idref="fl-10"/>
      </object_component>
      <object_component id="oc-14a">
         <name>firfilt_fp_ang2</name>
         <uninitialized>true</uninitialized>
         <run_address>0x882a</run_address>
         <size>0xe</size>
         <input_file_ref idref="fl-10"/>
      </object_component>
      <object_component id="oc-156">
         <name>coefffilt_fp_c1</name>
         <load_address>0x9200</load_address>
         <run_address>0x9200</run_address>
         <size>0x32</size>
         <input_file_ref idref="fl-11"/>
      </object_component>
      <object_component id="oc-157">
         <name>coefffilt_fp_c2</name>
         <load_address>0x9300</load_address>
         <run_address>0x9300</run_address>
         <size>0x32</size>
         <input_file_ref idref="fl-11"/>
      </object_component>
      <object_component id="oc-147">
         <name>coefffilt_fp_ang1</name>
         <load_address>0x9400</load_address>
         <run_address>0x9400</run_address>
         <size>0x8</size>
         <input_file_ref idref="fl-10"/>
      </object_component>
      <object_component id="oc-148">
         <name>coefffilt_fp_ang2</name>
         <load_address>0x9500</load_address>
         <run_address>0x9500</run_address>
         <size>0x8</size>
         <input_file_ref idref="fl-10"/>
      </object_component>
      <object_component id="oc-99">
         <name>dclfuncs</name>
         <load_address>0xa000</load_address>
         <run_address>0xa000</run_address>
         <size>0x5c</size>
         <input_file_ref idref="fl-2"/>
      </object_component>
      <object_component id="oc-11a">
         <name>PieVectTableFile</name>
         <uninitialized>true</uninitialized>
         <run_address>0xd00</run_address>
         <size>0x1c0</size>
         <input_file_ref idref="fl-8"/>
      </object_component>
      <object_component id="oc-bb">
         <name>EmuBModeVar</name>
         <uninitialized>true</uninitialized>
         <run_address>0xd00</run_address>
         <size>0x1</size>
         <input_file_ref idref="fl-8"/>
      </object_component>
      <object_component id="oc-ba">
         <name>EmuBootPinsVar</name>
         <uninitialized>true</uninitialized>
         <run_address>0xd01</run_address>
         <size>0x1</size>
         <input_file_ref idref="fl-8"/>
      </object_component>
      <object_component id="oc-d3">
         <name>AdcaResultFile</name>
         <uninitialized>true</uninitialized>
         <run_address>0xb00</run_address>
         <size>0x18</size>
         <input_file_ref idref="fl-8"/>
      </object_component>
      <object_component id="oc-d4">
         <name>AdcbResultFile</name>
         <uninitialized>true</uninitialized>
         <run_address>0xb20</run_address>
         <size>0x18</size>
         <input_file_ref idref="fl-8"/>
      </object_component>
      <object_component id="oc-d1">
         <name>AdccResultFile</name>
         <uninitialized>true</uninitialized>
         <run_address>0xb40</run_address>
         <size>0x18</size>
         <input_file_ref idref="fl-8"/>
      </object_component>
      <object_component id="oc-d2">
         <name>AdcdResultFile</name>
         <uninitialized>true</uninitialized>
         <run_address>0xb60</run_address>
         <size>0x18</size>
         <input_file_ref idref="fl-8"/>
      </object_component>
      <object_component id="oc-100">
         <name>AdcaRegsFile</name>
         <uninitialized>true</uninitialized>
         <run_address>0x7400</run_address>
         <size>0x80</size>
         <input_file_ref idref="fl-8"/>
      </object_component>
      <object_component id="oc-101">
         <name>AdcbRegsFile</name>
         <uninitialized>true</uninitialized>
         <run_address>0x7480</run_address>
         <size>0x80</size>
         <input_file_ref idref="fl-8"/>
      </object_component>
      <object_component id="oc-102">
         <name>AdccRegsFile</name>
         <uninitialized>true</uninitialized>
         <run_address>0x7500</run_address>
         <size>0x80</size>
         <input_file_ref idref="fl-8"/>
      </object_component>
      <object_component id="oc-105">
         <name>AdcdRegsFile</name>
         <uninitialized>true</uninitialized>
         <run_address>0x7580</run_address>
         <size>0x80</size>
         <input_file_ref idref="fl-8"/>
      </object_component>
      <object_component id="oc-fd">
         <name>AnalogSubsysRegsFile</name>
         <uninitialized>true</uninitialized>
         <run_address>0x5d180</run_address>
         <size>0x48</size>
         <input_file_ref idref="fl-8"/>
      </object_component>
      <object_component id="oc-116">
         <name>CanaRegsFile</name>
         <uninitialized>true</uninitialized>
         <run_address>0x48000</run_address>
         <size>0x164</size>
         <input_file_ref idref="fl-8"/>
      </object_component>
      <object_component id="oc-117">
         <name>CanbRegsFile</name>
         <uninitialized>true</uninitialized>
         <run_address>0x4a000</run_address>
         <size>0x164</size>
         <input_file_ref idref="fl-8"/>
      </object_component>
      <object_component id="oc-f7">
         <name>Cla1RegsFile</name>
         <uninitialized>true</uninitialized>
         <run_address>0x1400</run_address>
         <size>0x3e</size>
         <input_file_ref idref="fl-8"/>
      </object_component>
      <object_component id="oc-bf">
         <name>Cla1SoftIntRegsFile</name>
         <uninitialized>true</uninitialized>
         <run_address>0xce0</run_address>
         <size>0x4</size>
         <input_file_ref idref="fl-8"/>
      </object_component>
      <object_component id="oc-e1">
         <name>Cmpss1RegsFile</name>
         <uninitialized>true</uninitialized>
         <run_address>0x5c80</run_address>
         <size>0x20</size>
         <input_file_ref idref="fl-8"/>
      </object_component>
      <object_component id="oc-e4">
         <name>Cmpss2RegsFile</name>
         <uninitialized>true</uninitialized>
         <run_address>0x5ca0</run_address>
         <size>0x20</size>
         <input_file_ref idref="fl-8"/>
      </object_component>
      <object_component id="oc-e3">
         <name>Cmpss3RegsFile</name>
         <uninitialized>true</uninitialized>
         <run_address>0x5cc0</run_address>
         <size>0x20</size>
         <input_file_ref idref="fl-8"/>
      </object_component>
      <object_component id="oc-e6">
         <name>Cmpss4RegsFile</name>
         <uninitialized>true</uninitialized>
         <run_address>0x5ce0</run_address>
         <size>0x20</size>
         <input_file_ref idref="fl-8"/>
      </object_component>
      <object_component id="oc-e5">
         <name>Cmpss5RegsFile</name>
         <uninitialized>true</uninitialized>
         <run_address>0x5d00</run_address>
         <size>0x20</size>
         <input_file_ref idref="fl-8"/>
      </object_component>
      <object_component id="oc-e0">
         <name>Cmpss6RegsFile</name>
         <uninitialized>true</uninitialized>
         <run_address>0x5d20</run_address>
         <size>0x20</size>
         <input_file_ref idref="fl-8"/>
      </object_component>
      <object_component id="oc-df">
         <name>Cmpss7RegsFile</name>
         <uninitialized>true</uninitialized>
         <run_address>0x5d40</run_address>
         <size>0x20</size>
         <input_file_ref idref="fl-8"/>
      </object_component>
      <object_component id="oc-e2">
         <name>Cmpss8RegsFile</name>
         <uninitialized>true</uninitialized>
         <run_address>0x5d60</run_address>
         <size>0x20</size>
         <input_file_ref idref="fl-8"/>
      </object_component>
      <object_component id="oc-c6">
         <name>CpuTimer0RegsFile</name>
         <uninitialized>true</uninitialized>
         <run_address>0xc00</run_address>
         <size>0x8</size>
         <input_file_ref idref="fl-8"/>
      </object_component>
      <object_component id="oc-c8">
         <name>CpuTimer1RegsFile</name>
         <uninitialized>true</uninitialized>
         <run_address>0xc08</run_address>
         <size>0x8</size>
         <input_file_ref idref="fl-8"/>
      </object_component>
      <object_component id="oc-c3">
         <name>CpuTimer2RegsFile</name>
         <uninitialized>true</uninitialized>
         <run_address>0xc10</run_address>
         <size>0x8</size>
         <input_file_ref idref="fl-8"/>
      </object_component>
      <object_component id="oc-c2">
         <name>DacaRegsFile</name>
         <uninitialized>true</uninitialized>
         <run_address>0x5c00</run_address>
         <size>0x8</size>
         <input_file_ref idref="fl-8"/>
      </object_component>
      <object_component id="oc-c7">
         <name>DacbRegsFile</name>
         <uninitialized>true</uninitialized>
         <run_address>0x5c10</run_address>
         <size>0x8</size>
         <input_file_ref idref="fl-8"/>
      </object_component>
      <object_component id="oc-c4">
         <name>DaccRegsFile</name>
         <uninitialized>true</uninitialized>
         <run_address>0x5c20</run_address>
         <size>0x8</size>
         <input_file_ref idref="fl-8"/>
      </object_component>
      <object_component id="oc-ef">
         <name>DcsmZ1RegsFile</name>
         <uninitialized>true</uninitialized>
         <run_address>0x5f000</run_address>
         <size>0x24</size>
         <input_file_ref idref="fl-8"/>
      </object_component>
      <object_component id="oc-f0">
         <name>DcsmZ2RegsFile</name>
         <uninitialized>true</uninitialized>
         <run_address>0x5f040</run_address>
         <size>0x24</size>
         <input_file_ref idref="fl-8"/>
      </object_component>
      <object_component id="oc-c5">
         <name>DcsmCommonRegsFile</name>
         <uninitialized>true</uninitialized>
         <run_address>0x5f070</run_address>
         <size>0x8</size>
         <input_file_ref idref="fl-8"/>
      </object_component>
      <object_component id="oc-108">
         <name>DmaRegsFile</name>
         <uninitialized>true</uninitialized>
         <run_address>0x1000</run_address>
         <size>0xe0</size>
         <input_file_ref idref="fl-8"/>
      </object_component>
      <object_component id="oc-d6">
         <name>DmaClaSrcSelRegsFile</name>
         <uninitialized>true</uninitialized>
         <run_address>0x7980</run_address>
         <size>0x1a</size>
         <input_file_ref idref="fl-8"/>
      </object_component>
      <object_component id="oc-e8">
         <name>ECap1RegsFile</name>
         <uninitialized>true</uninitialized>
         <run_address>0x5000</run_address>
         <size>0x20</size>
         <input_file_ref idref="fl-8"/>
      </object_component>
      <object_component id="oc-e7">
         <name>ECap2RegsFile</name>
         <uninitialized>true</uninitialized>
         <run_address>0x5020</run_address>
         <size>0x20</size>
         <input_file_ref idref="fl-8"/>
      </object_component>
      <object_component id="oc-d7">
         <name>ECap3RegsFile</name>
         <uninitialized>true</uninitialized>
         <run_address>0x5040</run_address>
         <size>0x20</size>
         <input_file_ref idref="fl-8"/>
      </object_component>
      <object_component id="oc-d8">
         <name>ECap4RegsFile</name>
         <uninitialized>true</uninitialized>
         <run_address>0x5060</run_address>
         <size>0x20</size>
         <input_file_ref idref="fl-8"/>
      </object_component>
      <object_component id="oc-d9">
         <name>ECap5RegsFile</name>
         <uninitialized>true</uninitialized>
         <run_address>0x5080</run_address>
         <size>0x20</size>
         <input_file_ref idref="fl-8"/>
      </object_component>
      <object_component id="oc-dc">
         <name>ECap6RegsFile</name>
         <uninitialized>true</uninitialized>
         <run_address>0x50a0</run_address>
         <size>0x20</size>
         <input_file_ref idref="fl-8"/>
      </object_component>
      <object_component id="oc-fe">
         <name>Emif1RegsFile</name>
         <uninitialized>true</uninitialized>
         <run_address>0x47000</run_address>
         <size>0x70</size>
         <input_file_ref idref="fl-8"/>
      </object_component>
      <object_component id="oc-ff">
         <name>Emif2RegsFile</name>
         <uninitialized>true</uninitialized>
         <run_address>0x47800</run_address>
         <size>0x70</size>
         <input_file_ref idref="fl-8"/>
      </object_component>
      <object_component id="oc-10d">
         <name>EPwm1RegsFile</name>
         <uninitialized>true</uninitialized>
         <run_address>0x4000</run_address>
         <size>0x100</size>
         <input_file_ref idref="fl-8"/>
      </object_component>
      <object_component id="oc-10c">
         <name>EPwm2RegsFile</name>
         <uninitialized>true</uninitialized>
         <run_address>0x4100</run_address>
         <size>0x100</size>
         <input_file_ref idref="fl-8"/>
      </object_component>
      <object_component id="oc-10f">
         <name>EPwm3RegsFile</name>
         <uninitialized>true</uninitialized>
         <run_address>0x4200</run_address>
         <size>0x100</size>
         <input_file_ref idref="fl-8"/>
      </object_component>
      <object_component id="oc-10a">
         <name>EPwm4RegsFile</name>
         <uninitialized>true</uninitialized>
         <run_address>0x4300</run_address>
         <size>0x100</size>
         <input_file_ref idref="fl-8"/>
      </object_component>
      <object_component id="oc-109">
         <name>EPwm5RegsFile</name>
         <uninitialized>true</uninitialized>
         <run_address>0x4400</run_address>
         <size>0x100</size>
         <input_file_ref idref="fl-8"/>
      </object_component>
      <object_component id="oc-10e">
         <name>EPwm6RegsFile</name>
         <uninitialized>true</uninitialized>
         <run_address>0x4500</run_address>
         <size>0x100</size>
         <input_file_ref idref="fl-8"/>
      </object_component>
      <object_component id="oc-10b">
         <name>EPwm7RegsFile</name>
         <uninitialized>true</uninitialized>
         <run_address>0x4600</run_address>
         <size>0x100</size>
         <input_file_ref idref="fl-8"/>
      </object_component>
      <object_component id="oc-114">
         <name>EPwm8RegsFile</name>
         <uninitialized>true</uninitialized>
         <run_address>0x4700</run_address>
         <size>0x100</size>
         <input_file_ref idref="fl-8"/>
      </object_component>
      <object_component id="oc-112">
         <name>EPwm9RegsFile</name>
         <uninitialized>true</uninitialized>
         <run_address>0x4800</run_address>
         <size>0x100</size>
         <input_file_ref idref="fl-8"/>
      </object_component>
      <object_component id="oc-113">
         <name>EPwm10RegsFile</name>
         <uninitialized>true</uninitialized>
         <run_address>0x4900</run_address>
         <size>0x100</size>
         <input_file_ref idref="fl-8"/>
      </object_component>
      <object_component id="oc-110">
         <name>EPwm11RegsFile</name>
         <uninitialized>true</uninitialized>
         <run_address>0x4a00</run_address>
         <size>0x100</size>
         <input_file_ref idref="fl-8"/>
      </object_component>
      <object_component id="oc-111">
         <name>EPwm12RegsFile</name>
         <uninitialized>true</uninitialized>
         <run_address>0x4b00</run_address>
         <size>0x100</size>
         <input_file_ref idref="fl-8"/>
      </object_component>
      <object_component id="oc-fa">
         <name>EPwmXbarRegsFile</name>
         <uninitialized>true</uninitialized>
         <run_address>0x7a00</run_address>
         <size>0x40</size>
         <input_file_ref idref="fl-8"/>
      </object_component>
      <object_component id="oc-eb">
         <name>EQep1RegsFile</name>
         <uninitialized>true</uninitialized>
         <run_address>0x5100</run_address>
         <size>0x22</size>
         <input_file_ref idref="fl-8"/>
      </object_component>
      <object_component id="oc-ec">
         <name>EQep2RegsFile</name>
         <uninitialized>true</uninitialized>
         <run_address>0x5140</run_address>
         <size>0x22</size>
         <input_file_ref idref="fl-8"/>
      </object_component>
      <object_component id="oc-ed">
         <name>EQep3RegsFile</name>
         <uninitialized>true</uninitialized>
         <run_address>0x5180</run_address>
         <size>0x22</size>
         <input_file_ref idref="fl-8"/>
      </object_component>
      <object_component id="oc-119">
         <name>Flash0CtrlRegsFile</name>
         <uninitialized>true</uninitialized>
         <run_address>0x5f800</run_address>
         <size>0x182</size>
         <input_file_ref idref="fl-8"/>
      </object_component>
      <object_component id="oc-f3">
         <name>Flash0EccRegsFile</name>
         <uninitialized>true</uninitialized>
         <run_address>0x5fb00</run_address>
         <size>0x28</size>
         <input_file_ref idref="fl-8"/>
      </object_component>
      <object_component id="oc-118">
         <name>GpioCtrlRegsFile</name>
         <uninitialized>true</uninitialized>
         <run_address>0x7c00</run_address>
         <size>0x180</size>
         <input_file_ref idref="fl-8"/>
      </object_component>
      <object_component id="oc-f5">
         <name>GpioDataRegsFile</name>
         <uninitialized>true</uninitialized>
         <run_address>0x7f00</run_address>
         <size>0x30</size>
         <input_file_ref idref="fl-8"/>
      </object_component>
      <object_component id="oc-fb">
         <name>OutputXbarRegsFile</name>
         <uninitialized>true</uninitialized>
         <run_address>0x7a80</run_address>
         <size>0x40</size>
         <input_file_ref idref="fl-8"/>
      </object_component>
      <object_component id="oc-ea">
         <name>I2caRegsFile</name>
         <uninitialized>true</uninitialized>
         <run_address>0x7300</run_address>
         <size>0x22</size>
         <input_file_ref idref="fl-8"/>
      </object_component>
      <object_component id="oc-e9">
         <name>I2cbRegsFile</name>
         <uninitialized>true</uninitialized>
         <run_address>0x7340</run_address>
         <size>0x22</size>
         <input_file_ref idref="fl-8"/>
      </object_component>
      <object_component id="oc-dd">
         <name>InputXbarRegsFile</name>
         <uninitialized>true</uninitialized>
         <run_address>0x7900</run_address>
         <size>0x20</size>
         <input_file_ref idref="fl-8"/>
      </object_component>
      <object_component id="oc-da">
         <name>XbarRegsFile</name>
         <uninitialized>true</uninitialized>
         <run_address>0x7920</run_address>
         <size>0x20</size>
         <input_file_ref idref="fl-8"/>
      </object_component>
      <object_component id="oc-f2">
         <name>IpcRegsFile</name>
         <uninitialized>true</uninitialized>
         <run_address>0x50000</run_address>
         <size>0x24</size>
         <input_file_ref idref="fl-8"/>
      </object_component>
      <object_component id="oc-bd">
         <name>FlashPumpSemaphoreRegsFile</name>
         <uninitialized>true</uninitialized>
         <run_address>0x50024</run_address>
         <size>0x2</size>
         <input_file_ref idref="fl-8"/>
      </object_component>
      <object_component id="oc-bc">
         <name>RomPrefetchRegsFile</name>
         <uninitialized>true</uninitialized>
         <run_address>0x5e608</run_address>
         <size>0x2</size>
         <input_file_ref idref="fl-8"/>
      </object_component>
      <object_component id="oc-103">
         <name>MemCfgRegsFile</name>
         <uninitialized>true</uninitialized>
         <run_address>0x5f400</run_address>
         <size>0x80</size>
         <input_file_ref idref="fl-8"/>
      </object_component>
      <object_component id="oc-db">
         <name>Emif1ConfigRegsFile</name>
         <uninitialized>true</uninitialized>
         <run_address>0x5f480</run_address>
         <size>0x20</size>
         <input_file_ref idref="fl-8"/>
      </object_component>
      <object_component id="oc-de">
         <name>Emif2ConfigRegsFile</name>
         <uninitialized>true</uninitialized>
         <run_address>0x5f4a0</run_address>
         <size>0x20</size>
         <input_file_ref idref="fl-8"/>
      </object_component>
      <object_component id="oc-f8">
         <name>AccessProtectionRegsFile</name>
         <uninitialized>true</uninitialized>
         <run_address>0x5f4c0</run_address>
         <size>0x40</size>
         <input_file_ref idref="fl-8"/>
      </object_component>
      <object_component id="oc-f9">
         <name>MemoryErrorRegsFile</name>
         <uninitialized>true</uninitialized>
         <run_address>0x5f500</run_address>
         <size>0x40</size>
         <input_file_ref idref="fl-8"/>
      </object_component>
      <object_component id="oc-be">
         <name>RomWaitStateRegsFile</name>
         <uninitialized>true</uninitialized>
         <run_address>0x5f540</run_address>
         <size>0x2</size>
         <input_file_ref idref="fl-8"/>
      </object_component>
      <object_component id="oc-f1">
         <name>McbspaRegsFile</name>
         <uninitialized>true</uninitialized>
         <run_address>0x6000</run_address>
         <size>0x24</size>
         <input_file_ref idref="fl-8"/>
      </object_component>
      <object_component id="oc-ee">
         <name>McbspbRegsFile</name>
         <uninitialized>true</uninitialized>
         <run_address>0x6040</run_address>
         <size>0x24</size>
         <input_file_ref idref="fl-8"/>
      </object_component>
      <object_component id="oc-fc">
         <name>UppRegsFile</name>
         <uninitialized>true</uninitialized>
         <run_address>0x6200</run_address>
         <size>0x48</size>
         <input_file_ref idref="fl-8"/>
      </object_component>
      <object_component id="oc-c1">
         <name>NmiIntruptRegsFile</name>
         <uninitialized>true</uninitialized>
         <run_address>0x7060</run_address>
         <size>0x7</size>
         <input_file_ref idref="fl-8"/>
      </object_component>
      <object_component id="oc-d5">
         <name>PieCtrlRegsFile</name>
         <uninitialized>true</uninitialized>
         <run_address>0xce0</run_address>
         <size>0x1a</size>
         <input_file_ref idref="fl-8"/>
      </object_component>
      <object_component id="oc-cd">
         <name>SciaRegsFile</name>
         <uninitialized>true</uninitialized>
         <run_address>0x7200</run_address>
         <size>0x10</size>
         <input_file_ref idref="fl-8"/>
      </object_component>
      <object_component id="oc-cc">
         <name>ScibRegsFile</name>
         <uninitialized>true</uninitialized>
         <run_address>0x7210</run_address>
         <size>0x10</size>
         <input_file_ref idref="fl-8"/>
      </object_component>
      <object_component id="oc-cf">
         <name>ScicRegsFile</name>
         <uninitialized>true</uninitialized>
         <run_address>0x7220</run_address>
         <size>0x10</size>
         <input_file_ref idref="fl-8"/>
      </object_component>
      <object_component id="oc-ce">
         <name>ScidRegsFile</name>
         <uninitialized>true</uninitialized>
         <run_address>0x7230</run_address>
         <size>0x10</size>
         <input_file_ref idref="fl-8"/>
      </object_component>
      <object_component id="oc-106">
         <name>Sdfm1RegsFile</name>
         <uninitialized>true</uninitialized>
         <run_address>0x5e00</run_address>
         <size>0x80</size>
         <input_file_ref idref="fl-8"/>
      </object_component>
      <object_component id="oc-104">
         <name>Sdfm2RegsFile</name>
         <uninitialized>true</uninitialized>
         <run_address>0x5e80</run_address>
         <size>0x80</size>
         <input_file_ref idref="fl-8"/>
      </object_component>
      <object_component id="oc-ca">
         <name>SpiaRegsFile</name>
         <uninitialized>true</uninitialized>
         <run_address>0x6100</run_address>
         <size>0x10</size>
         <input_file_ref idref="fl-8"/>
      </object_component>
      <object_component id="oc-d0">
         <name>SpibRegsFile</name>
         <uninitialized>true</uninitialized>
         <run_address>0x6110</run_address>
         <size>0x10</size>
         <input_file_ref idref="fl-8"/>
      </object_component>
      <object_component id="oc-cb">
         <name>SpicRegsFile</name>
         <uninitialized>true</uninitialized>
         <run_address>0x6120</run_address>
         <size>0x10</size>
         <input_file_ref idref="fl-8"/>
      </object_component>
      <object_component id="oc-115">
         <name>DevCfgRegsFile</name>
         <uninitialized>true</uninitialized>
         <run_address>0x5d000</run_address>
         <size>0x12e</size>
         <input_file_ref idref="fl-8"/>
      </object_component>
      <object_component id="oc-f6">
         <name>ClkCfgRegsFile</name>
         <uninitialized>true</uninitialized>
         <run_address>0x5d200</run_address>
         <size>0x32</size>
         <input_file_ref idref="fl-8"/>
      </object_component>
      <object_component id="oc-107">
         <name>CpuSysRegsFile</name>
         <uninitialized>true</uninitialized>
         <run_address>0x5d300</run_address>
         <size>0x82</size>
         <input_file_ref idref="fl-8"/>
      </object_component>
      <object_component id="oc-c0">
         <name>SyncSocRegsFile</name>
         <uninitialized>true</uninitialized>
         <run_address>0x7940</run_address>
         <size>0x6</size>
         <input_file_ref idref="fl-8"/>
      </object_component>
      <object_component id="oc-f4">
         <name>WdRegsFile</name>
         <uninitialized>true</uninitialized>
         <run_address>0x7000</run_address>
         <size>0x2b</size>
         <input_file_ref idref="fl-8"/>
      </object_component>
      <object_component id="oc-c9">
         <name>XintRegsFile</name>
         <uninitialized>true</uninitialized>
         <run_address>0x7070</run_address>
         <size>0xb</size>
         <input_file_ref idref="fl-8"/>
      </object_component>
      <object_component id="oc-9a">
         <name>.debug_info</name>
         <load_address>0x0</load_address>
         <run_address>0x0</run_address>
         <size>0x110</size>
         <input_file_ref idref="fl-2"/>
      </object_component>
      <object_component id="oc-9f">
         <name>.debug_info</name>
         <load_address>0x110</load_address>
         <run_address>0x110</run_address>
         <size>0x11a</size>
         <input_file_ref idref="fl-3"/>
      </object_component>
      <object_component id="oc-a3">
         <name>.debug_info</name>
         <load_address>0x22a</load_address>
         <run_address>0x22a</run_address>
         <size>0x877</size>
         <input_file_ref idref="fl-4"/>
      </object_component>
      <object_component id="oc-a9">
         <name>.debug_info</name>
         <load_address>0xaa1</load_address>
         <run_address>0xaa1</run_address>
         <size>0x3530</size>
         <input_file_ref idref="fl-5"/>
      </object_component>
      <object_component id="oc-af">
         <name>.debug_info</name>
         <load_address>0x3fd1</load_address>
         <run_address>0x3fd1</run_address>
         <size>0x70be</size>
         <input_file_ref idref="fl-6"/>
      </object_component>
      <object_component id="oc-b4">
         <name>.debug_info</name>
         <load_address>0xb08f</load_address>
         <run_address>0xb08f</run_address>
         <size>0xf426</size>
         <input_file_ref idref="fl-7"/>
      </object_component>
      <object_component id="oc-b9">
         <name>.debug_info</name>
         <load_address>0x1a4b5</load_address>
         <run_address>0x1a4b5</run_address>
         <size>0x50540</size>
         <input_file_ref idref="fl-8"/>
      </object_component>
      <object_component id="oc-11c">
         <name>.debug_info</name>
         <load_address>0x6a9f5</load_address>
         <run_address>0x6a9f5</run_address>
         <size>0x19fb7</size>
         <input_file_ref idref="fl-9"/>
      </object_component>
      <object_component id="oc-121">
         <name>.debug_info</name>
         <load_address>0x849ac</load_address>
         <run_address>0x849ac</run_address>
         <size>0x35a1</size>
         <input_file_ref idref="fl-a"/>
      </object_component>
      <object_component id="oc-126">
         <name>.debug_info</name>
         <load_address>0x87f4d</load_address>
         <run_address>0x87f4d</run_address>
         <size>0x6767</size>
         <input_file_ref idref="fl-b"/>
      </object_component>
      <object_component id="oc-12b">
         <name>.debug_info</name>
         <load_address>0x8e6b4</load_address>
         <run_address>0x8e6b4</run_address>
         <size>0xfd0d</size>
         <input_file_ref idref="fl-c"/>
      </object_component>
      <object_component id="oc-130">
         <name>.debug_info</name>
         <load_address>0x9e3c1</load_address>
         <run_address>0x9e3c1</run_address>
         <size>0xcb27</size>
         <input_file_ref idref="fl-d"/>
      </object_component>
      <object_component id="oc-136">
         <name>.debug_info</name>
         <load_address>0xaaee8</load_address>
         <run_address>0xaaee8</run_address>
         <size>0x115</size>
         <input_file_ref idref="fl-e"/>
      </object_component>
      <object_component id="oc-13a">
         <name>.debug_info</name>
         <load_address>0xaaffd</load_address>
         <run_address>0xaaffd</run_address>
         <size>0x9797</size>
         <input_file_ref idref="fl-f"/>
      </object_component>
      <object_component id="oc-142">
         <name>.debug_info</name>
         <load_address>0xb4794</load_address>
         <run_address>0xb4794</run_address>
         <size>0x8073</size>
         <input_file_ref idref="fl-10"/>
      </object_component>
      <object_component id="oc-14f">
         <name>.debug_info</name>
         <load_address>0xbc807</load_address>
         <run_address>0xbc807</run_address>
         <size>0xf24</size>
         <input_file_ref idref="fl-11"/>
      </object_component>
      <object_component id="oc-163">
         <name>.debug_info</name>
         <load_address>0xbd72b</load_address>
         <run_address>0xbd72b</run_address>
         <size>0x9f7</size>
         <input_file_ref idref="fl-12"/>
      </object_component>
      <object_component id="oc-168">
         <name>.debug_info</name>
         <load_address>0xbe122</load_address>
         <run_address>0xbe122</run_address>
         <size>0x1ff44</size>
         <input_file_ref idref="fl-13"/>
      </object_component>
      <object_component id="oc-170">
         <name>.debug_info</name>
         <load_address>0xde066</load_address>
         <run_address>0xde066</run_address>
         <size>0x434</size>
         <input_file_ref idref="fl-14"/>
      </object_component>
      <object_component id="oc-178">
         <name>.debug_info</name>
         <load_address>0xde49a</load_address>
         <run_address>0xde49a</run_address>
         <size>0x1e9</size>
         <input_file_ref idref="fl-15"/>
      </object_component>
      <object_component id="oc-17b">
         <name>.debug_info</name>
         <load_address>0xde683</load_address>
         <run_address>0xde683</run_address>
         <size>0x14dc7</size>
         <input_file_ref idref="fl-16"/>
      </object_component>
      <object_component id="oc-180">
         <name>.debug_info</name>
         <load_address>0xf344a</load_address>
         <run_address>0xf344a</run_address>
         <size>0x2390c</size>
         <input_file_ref idref="fl-17"/>
      </object_component>
      <object_component id="oc-187">
         <name>.debug_info</name>
         <load_address>0x116d56</load_address>
         <run_address>0x116d56</run_address>
         <size>0x18b68</size>
         <input_file_ref idref="fl-18"/>
      </object_component>
      <object_component id="oc-18f">
         <name>.debug_info</name>
         <load_address>0x12f8be</load_address>
         <run_address>0x12f8be</run_address>
         <size>0x39c4</size>
         <input_file_ref idref="fl-19"/>
      </object_component>
      <object_component id="oc-195">
         <name>.debug_info</name>
         <load_address>0x133282</load_address>
         <run_address>0x133282</run_address>
         <size>0xca0</size>
         <input_file_ref idref="fl-1a"/>
      </object_component>
      <object_component id="oc-19b">
         <name>.debug_info</name>
         <load_address>0x133f22</load_address>
         <run_address>0x133f22</run_address>
         <size>0x596</size>
         <input_file_ref idref="fl-25"/>
      </object_component>
      <object_component id="oc-1a3">
         <name>.debug_info</name>
         <load_address>0x1344b8</load_address>
         <run_address>0x1344b8</run_address>
         <size>0x162</size>
         <input_file_ref idref="fl-26"/>
      </object_component>
      <object_component id="oc-1a7">
         <name>.debug_info</name>
         <load_address>0x13461a</load_address>
         <run_address>0x13461a</run_address>
         <size>0x142</size>
         <input_file_ref idref="fl-27"/>
      </object_component>
      <object_component id="oc-1ac">
         <name>.debug_info</name>
         <load_address>0x13475c</load_address>
         <run_address>0x13475c</run_address>
         <size>0x176</size>
         <input_file_ref idref="fl-28"/>
      </object_component>
      <object_component id="oc-1b1">
         <name>.debug_info</name>
         <load_address>0x1348d2</load_address>
         <run_address>0x1348d2</run_address>
         <size>0x1a8</size>
         <input_file_ref idref="fl-29"/>
      </object_component>
      <object_component id="oc-1b5">
         <name>.debug_info</name>
         <load_address>0x134a7a</load_address>
         <run_address>0x134a7a</run_address>
         <size>0x58a</size>
         <input_file_ref idref="fl-2a"/>
      </object_component>
      <object_component id="oc-1ba">
         <name>.debug_info</name>
         <load_address>0x135004</load_address>
         <run_address>0x135004</run_address>
         <size>0x485</size>
         <input_file_ref idref="fl-2b"/>
      </object_component>
      <object_component id="oc-1bf">
         <name>.debug_info</name>
         <load_address>0x135489</load_address>
         <run_address>0x135489</run_address>
         <size>0x3f8</size>
         <input_file_ref idref="fl-2c"/>
      </object_component>
      <object_component id="oc-1c4">
         <name>.debug_info</name>
         <load_address>0x135881</load_address>
         <run_address>0x135881</run_address>
         <size>0x3f5</size>
         <input_file_ref idref="fl-2d"/>
      </object_component>
      <object_component id="oc-1c9">
         <name>.debug_info</name>
         <load_address>0x135c76</load_address>
         <run_address>0x135c76</run_address>
         <size>0x58f</size>
         <input_file_ref idref="fl-2e"/>
      </object_component>
      <object_component id="oc-1d0">
         <name>.debug_info</name>
         <load_address>0x136205</load_address>
         <run_address>0x136205</run_address>
         <size>0x517</size>
         <input_file_ref idref="fl-2f"/>
      </object_component>
      <object_component id="oc-1d5">
         <name>.debug_info</name>
         <load_address>0x13671c</load_address>
         <run_address>0x13671c</run_address>
         <size>0x4b2</size>
         <input_file_ref idref="fl-30"/>
      </object_component>
      <object_component id="oc-1db">
         <name>.debug_info</name>
         <load_address>0x136bce</load_address>
         <run_address>0x136bce</run_address>
         <size>0x15b</size>
         <input_file_ref idref="fl-31"/>
      </object_component>
      <object_component id="oc-29f">
         <name>.debug_info</name>
         <load_address>0x136d29</load_address>
         <run_address>0x136d29</run_address>
         <size>0xcf</size>
      </object_component>
      <object_component id="oc-9b">
         <name>.debug_line</name>
         <load_address>0x0</load_address>
         <run_address>0x0</run_address>
         <size>0x6f</size>
         <input_file_ref idref="fl-2"/>
      </object_component>
      <object_component id="oc-a0">
         <name>.debug_line</name>
         <load_address>0x6f</load_address>
         <run_address>0x6f</run_address>
         <size>0x4d</size>
         <input_file_ref idref="fl-3"/>
      </object_component>
      <object_component id="oc-a6">
         <name>.debug_line</name>
         <load_address>0xbc</load_address>
         <run_address>0xbc</run_address>
         <size>0x37</size>
         <input_file_ref idref="fl-4"/>
      </object_component>
      <object_component id="oc-ac">
         <name>.debug_line</name>
         <load_address>0xf3</load_address>
         <run_address>0xf3</run_address>
         <size>0xcdf</size>
         <input_file_ref idref="fl-5"/>
      </object_component>
      <object_component id="oc-b1">
         <name>.debug_line</name>
         <load_address>0xdd2</load_address>
         <run_address>0xdd2</run_address>
         <size>0x54f</size>
         <input_file_ref idref="fl-6"/>
      </object_component>
      <object_component id="oc-b6">
         <name>.debug_line</name>
         <load_address>0x1321</load_address>
         <run_address>0x1321</run_address>
         <size>0x32</size>
         <input_file_ref idref="fl-7"/>
      </object_component>
      <object_component id="oc-11e">
         <name>.debug_line</name>
         <load_address>0x1353</load_address>
         <run_address>0x1353</run_address>
         <size>0x264</size>
         <input_file_ref idref="fl-9"/>
      </object_component>
      <object_component id="oc-123">
         <name>.debug_line</name>
         <load_address>0x15b7</load_address>
         <run_address>0x15b7</run_address>
         <size>0x87</size>
         <input_file_ref idref="fl-a"/>
      </object_component>
      <object_component id="oc-128">
         <name>.debug_line</name>
         <load_address>0x163e</load_address>
         <run_address>0x163e</run_address>
         <size>0x69</size>
         <input_file_ref idref="fl-b"/>
      </object_component>
      <object_component id="oc-12d">
         <name>.debug_line</name>
         <load_address>0x16a7</load_address>
         <run_address>0x16a7</run_address>
         <size>0x31</size>
         <input_file_ref idref="fl-c"/>
      </object_component>
      <object_component id="oc-132">
         <name>.debug_line</name>
         <load_address>0x16d8</load_address>
         <run_address>0x16d8</run_address>
         <size>0x51c</size>
         <input_file_ref idref="fl-d"/>
      </object_component>
      <object_component id="oc-137">
         <name>.debug_line</name>
         <load_address>0x1bf4</load_address>
         <run_address>0x1bf4</run_address>
         <size>0x4a</size>
         <input_file_ref idref="fl-e"/>
      </object_component>
      <object_component id="oc-13f">
         <name>.debug_line</name>
         <load_address>0x1c3e</load_address>
         <run_address>0x1c3e</run_address>
         <size>0x281</size>
         <input_file_ref idref="fl-f"/>
      </object_component>
      <object_component id="oc-14c">
         <name>.debug_line</name>
         <load_address>0x1ebf</load_address>
         <run_address>0x1ebf</run_address>
         <size>0x3dc</size>
         <input_file_ref idref="fl-10"/>
      </object_component>
      <object_component id="oc-160">
         <name>.debug_line</name>
         <load_address>0x229b</load_address>
         <run_address>0x229b</run_address>
         <size>0xe3</size>
         <input_file_ref idref="fl-11"/>
      </object_component>
      <object_component id="oc-165">
         <name>.debug_line</name>
         <load_address>0x237e</load_address>
         <run_address>0x237e</run_address>
         <size>0x5c</size>
         <input_file_ref idref="fl-12"/>
      </object_component>
      <object_component id="oc-16d">
         <name>.debug_line</name>
         <load_address>0x23da</load_address>
         <run_address>0x23da</run_address>
         <size>0x4f0</size>
         <input_file_ref idref="fl-13"/>
      </object_component>
      <object_component id="oc-175">
         <name>.debug_line</name>
         <load_address>0x28ca</load_address>
         <run_address>0x28ca</run_address>
         <size>0x31</size>
         <input_file_ref idref="fl-14"/>
      </object_component>
      <object_component id="oc-17d">
         <name>.debug_line</name>
         <load_address>0x28fb</load_address>
         <run_address>0x28fb</run_address>
         <size>0x49</size>
         <input_file_ref idref="fl-16"/>
      </object_component>
      <object_component id="oc-184">
         <name>.debug_line</name>
         <load_address>0x2944</load_address>
         <run_address>0x2944</run_address>
         <size>0x124</size>
         <input_file_ref idref="fl-17"/>
      </object_component>
      <object_component id="oc-18c">
         <name>.debug_line</name>
         <load_address>0x2a68</load_address>
         <run_address>0x2a68</run_address>
         <size>0x164</size>
         <input_file_ref idref="fl-18"/>
      </object_component>
      <object_component id="oc-192">
         <name>.debug_line</name>
         <load_address>0x2bcc</load_address>
         <run_address>0x2bcc</run_address>
         <size>0x43</size>
         <input_file_ref idref="fl-19"/>
      </object_component>
      <object_component id="oc-198">
         <name>.debug_line</name>
         <load_address>0x2c0f</load_address>
         <run_address>0x2c0f</run_address>
         <size>0xc3</size>
         <input_file_ref idref="fl-1a"/>
      </object_component>
      <object_component id="oc-19f">
         <name>.debug_line</name>
         <load_address>0x2cd2</load_address>
         <run_address>0x2cd2</run_address>
         <size>0xd3</size>
         <input_file_ref idref="fl-25"/>
      </object_component>
      <object_component id="oc-1a4">
         <name>.debug_line</name>
         <load_address>0x2da5</load_address>
         <run_address>0x2da5</run_address>
         <size>0x92</size>
         <input_file_ref idref="fl-26"/>
      </object_component>
      <object_component id="oc-1a8">
         <name>.debug_line</name>
         <load_address>0x2e37</load_address>
         <run_address>0x2e37</run_address>
         <size>0x7a</size>
         <input_file_ref idref="fl-27"/>
      </object_component>
      <object_component id="oc-1ad">
         <name>.debug_line</name>
         <load_address>0x2eb1</load_address>
         <run_address>0x2eb1</run_address>
         <size>0x7e</size>
         <input_file_ref idref="fl-28"/>
      </object_component>
      <object_component id="oc-1b2">
         <name>.debug_line</name>
         <load_address>0x2f2f</load_address>
         <run_address>0x2f2f</run_address>
         <size>0x8e</size>
         <input_file_ref idref="fl-29"/>
      </object_component>
      <object_component id="oc-1b7">
         <name>.debug_line</name>
         <load_address>0x2fbd</load_address>
         <run_address>0x2fbd</run_address>
         <size>0x50</size>
         <input_file_ref idref="fl-2a"/>
      </object_component>
      <object_component id="oc-1bc">
         <name>.debug_line</name>
         <load_address>0x300d</load_address>
         <run_address>0x300d</run_address>
         <size>0x62</size>
         <input_file_ref idref="fl-2b"/>
      </object_component>
      <object_component id="oc-1c1">
         <name>.debug_line</name>
         <load_address>0x306f</load_address>
         <run_address>0x306f</run_address>
         <size>0x3e</size>
         <input_file_ref idref="fl-2c"/>
      </object_component>
      <object_component id="oc-1c6">
         <name>.debug_line</name>
         <load_address>0x30ad</load_address>
         <run_address>0x30ad</run_address>
         <size>0x3a</size>
         <input_file_ref idref="fl-2d"/>
      </object_component>
      <object_component id="oc-1cd">
         <name>.debug_line</name>
         <load_address>0x30e7</load_address>
         <run_address>0x30e7</run_address>
         <size>0x65</size>
         <input_file_ref idref="fl-2e"/>
      </object_component>
      <object_component id="oc-1d2">
         <name>.debug_line</name>
         <load_address>0x314c</load_address>
         <run_address>0x314c</run_address>
         <size>0x5e</size>
         <input_file_ref idref="fl-2f"/>
      </object_component>
      <object_component id="oc-1d7">
         <name>.debug_line</name>
         <load_address>0x31aa</load_address>
         <run_address>0x31aa</run_address>
         <size>0x55</size>
         <input_file_ref idref="fl-30"/>
      </object_component>
      <object_component id="oc-1dc">
         <name>.debug_line</name>
         <load_address>0x31ff</load_address>
         <run_address>0x31ff</run_address>
         <size>0xa1</size>
         <input_file_ref idref="fl-31"/>
      </object_component>
      <object_component id="oc-9c">
         <name>.debug_abbrev</name>
         <load_address>0x0</load_address>
         <run_address>0x0</run_address>
         <size>0x35</size>
         <input_file_ref idref="fl-2"/>
      </object_component>
      <object_component id="oc-a1">
         <name>.debug_abbrev</name>
         <load_address>0x35</load_address>
         <run_address>0x35</run_address>
         <size>0x21</size>
         <input_file_ref idref="fl-3"/>
      </object_component>
      <object_component id="oc-a7">
         <name>.debug_abbrev</name>
         <load_address>0x56</load_address>
         <run_address>0x56</run_address>
         <size>0xfd</size>
         <input_file_ref idref="fl-4"/>
      </object_component>
      <object_component id="oc-ad">
         <name>.debug_abbrev</name>
         <load_address>0x153</load_address>
         <run_address>0x153</run_address>
         <size>0xb6</size>
         <input_file_ref idref="fl-5"/>
      </object_component>
      <object_component id="oc-b2">
         <name>.debug_abbrev</name>
         <load_address>0x209</load_address>
         <run_address>0x209</run_address>
         <size>0x14f</size>
         <input_file_ref idref="fl-6"/>
      </object_component>
      <object_component id="oc-b7">
         <name>.debug_abbrev</name>
         <load_address>0x358</load_address>
         <run_address>0x358</run_address>
         <size>0x143</size>
         <input_file_ref idref="fl-7"/>
      </object_component>
      <object_component id="oc-11b">
         <name>.debug_abbrev</name>
         <load_address>0x49b</load_address>
         <run_address>0x49b</run_address>
         <size>0xcb</size>
         <input_file_ref idref="fl-8"/>
      </object_component>
      <object_component id="oc-11f">
         <name>.debug_abbrev</name>
         <load_address>0x566</load_address>
         <run_address>0x566</run_address>
         <size>0x191</size>
         <input_file_ref idref="fl-9"/>
      </object_component>
      <object_component id="oc-124">
         <name>.debug_abbrev</name>
         <load_address>0x6f7</load_address>
         <run_address>0x6f7</run_address>
         <size>0xc8</size>
         <input_file_ref idref="fl-a"/>
      </object_component>
      <object_component id="oc-129">
         <name>.debug_abbrev</name>
         <load_address>0x7bf</load_address>
         <run_address>0x7bf</run_address>
         <size>0x116</size>
         <input_file_ref idref="fl-b"/>
      </object_component>
      <object_component id="oc-12e">
         <name>.debug_abbrev</name>
         <load_address>0x8d5</load_address>
         <run_address>0x8d5</run_address>
         <size>0xf5</size>
         <input_file_ref idref="fl-c"/>
      </object_component>
      <object_component id="oc-133">
         <name>.debug_abbrev</name>
         <load_address>0x9ca</load_address>
         <run_address>0x9ca</run_address>
         <size>0x1b5</size>
         <input_file_ref idref="fl-d"/>
      </object_component>
      <object_component id="oc-138">
         <name>.debug_abbrev</name>
         <load_address>0xb7f</load_address>
         <run_address>0xb7f</run_address>
         <size>0x2f</size>
         <input_file_ref idref="fl-e"/>
      </object_component>
      <object_component id="oc-140">
         <name>.debug_abbrev</name>
         <load_address>0xbae</load_address>
         <run_address>0xbae</run_address>
         <size>0x18e</size>
         <input_file_ref idref="fl-f"/>
      </object_component>
      <object_component id="oc-14d">
         <name>.debug_abbrev</name>
         <load_address>0xd3c</load_address>
         <run_address>0xd3c</run_address>
         <size>0x210</size>
         <input_file_ref idref="fl-10"/>
      </object_component>
      <object_component id="oc-161">
         <name>.debug_abbrev</name>
         <load_address>0xf4c</load_address>
         <run_address>0xf4c</run_address>
         <size>0x108</size>
         <input_file_ref idref="fl-11"/>
      </object_component>
      <object_component id="oc-166">
         <name>.debug_abbrev</name>
         <load_address>0x1054</load_address>
         <run_address>0x1054</run_address>
         <size>0x112</size>
         <input_file_ref idref="fl-12"/>
      </object_component>
      <object_component id="oc-16e">
         <name>.debug_abbrev</name>
         <load_address>0x1166</load_address>
         <run_address>0x1166</run_address>
         <size>0x254</size>
         <input_file_ref idref="fl-13"/>
      </object_component>
      <object_component id="oc-176">
         <name>.debug_abbrev</name>
         <load_address>0x13ba</load_address>
         <run_address>0x13ba</run_address>
         <size>0xab</size>
         <input_file_ref idref="fl-14"/>
      </object_component>
      <object_component id="oc-17a">
         <name>.debug_abbrev</name>
         <load_address>0x1465</load_address>
         <run_address>0x1465</run_address>
         <size>0x62</size>
         <input_file_ref idref="fl-15"/>
      </object_component>
      <object_component id="oc-17e">
         <name>.debug_abbrev</name>
         <load_address>0x14c7</load_address>
         <run_address>0x14c7</run_address>
         <size>0xe7</size>
         <input_file_ref idref="fl-16"/>
      </object_component>
      <object_component id="oc-185">
         <name>.debug_abbrev</name>
         <load_address>0x15ae</load_address>
         <run_address>0x15ae</run_address>
         <size>0x1a2</size>
         <input_file_ref idref="fl-17"/>
      </object_component>
      <object_component id="oc-18d">
         <name>.debug_abbrev</name>
         <load_address>0x1750</load_address>
         <run_address>0x1750</run_address>
         <size>0x144</size>
         <input_file_ref idref="fl-18"/>
      </object_component>
      <object_component id="oc-193">
         <name>.debug_abbrev</name>
         <load_address>0x1894</load_address>
         <run_address>0x1894</run_address>
         <size>0x12e</size>
         <input_file_ref idref="fl-19"/>
      </object_component>
      <object_component id="oc-199">
         <name>.debug_abbrev</name>
         <load_address>0x19c2</load_address>
         <run_address>0x19c2</run_address>
         <size>0x131</size>
[...]
         <value>0x8100</value>
         <object_component_ref idref="oc-158"/>
      </symbol>
      <symbol id="sm-599">
         <name>_dbuf_curr1</name>
         <value>0x8000</value>
         <object_component_ref idref="oc-159"/>
      </symbol>
      <symbol id="sm-59a">
         <name>_init_current_filters</name>
         <value>0x38e</value>
         <object_component_ref idref="oc-1ef"/>
      </symbol>
      <symbol id="sm-59b">
         <name>_pid1</name>
         <value>0xac12</value>
         <object_component_ref idref="oc-151"/>
      </symbol>
      <symbol id="sm-59c">
         <name>_current2ff</name>
         <value>0xac04</value>
         <object_component_ref idref="oc-151"/>
      </symbol>
      <symbol id="sm-59d">
         <name>_coeff_curr2</name>
         <value>0x9100</value>
         <object_component_ref idref="oc-15d"/>
      </symbol>
      <symbol id="sm-59e">
         <name>_coeff_curr1</name>
         <value>0x9000</value>
         <object_component_ref idref="oc-15b"/>
      </symbol>
      <symbol id="sm-59f">
         <name>_init_filter_fixp_current1</name>
         <value>0x352</value>
         <object_component_ref idref="oc-1ef"/>
      </symbol>
      <symbol id="sm-5a0">
         <name>_init_filter_fixp_current2</name>
         <value>0x361</value>
         <object_component_ref idref="oc-1ef"/>
      </symbol>
      <symbol id="sm-5a1">
         <name>_DMADest</name>
         <value>0xac00</value>
         <object_component_ref idref="oc-151"/>
      </symbol>
      <symbol id="sm-5a2">
         <name>_firFPc1</name>
         <value>0x8840</value>
         <object_component_ref idref="oc-155"/>
      </symbol>
      <symbol id="sm-5a3">
         <name>_firFPc2</name>
         <value>0x884e</value>
         <object_component_ref idref="oc-152"/>
      </symbol>
      <symbol id="sm-5a4">
         <name>_dbuf_fp_c2</name>
         <value>0x8300</value>
         <object_component_ref idref="oc-15c"/>
      </symbol>
      <symbol id="sm-5a5">
         <name>_dbuf_fp_c1</name>
         <value>0x8200</value>
         <object_component_ref idref="oc-15a"/>
      </symbol>
      <symbol id="sm-5a6">
         <name>_currents</name>
         <value>0xac08</value>
         <object_component_ref idref="oc-151"/>
      </symbol>
      <symbol id="sm-5a7">
         <name>_current1</name>
         <value>0xac06</value>
         <object_component_ref idref="oc-151"/>
      </symbol>
      <symbol id="sm-5a8">
         <name>_current2</name>
         <value>0xac0a</value>
         <object_component_ref idref="oc-151"/>
      </symbol>
      <symbol id="sm-5a9">
         <name>_init_filter_fp_current2</name>
         <value>0x37f</value>
         <object_component_ref idref="oc-1ef"/>
      </symbol>
      <symbol id="sm-5aa">
         <name>_init_filter_fp_current1</name>
         <value>0x370</value>
         <object_component_ref idref="oc-1ef"/>
      </symbol>
      <symbol id="sm-5ab">
         <name>_firFXc1</name>
         <value>0x8800</value>
         <object_component_ref idref="oc-154"/>
      </symbol>
      <symbol id="sm-5ac">
         <name>_firFXc2</name>
         <value>0x880e</value>
         <object_component_ref idref="oc-153"/>
      </symbol>
      <symbol id="sm-5ad">
         <name>_init_current_PID</name>
         <value>0x397</value>
         <object_component_ref idref="oc-1ef"/>
      </symbol>
      <symbol id="sm-5b9">
         <name>_InitDAC</name>
         <value>0x13aae</value>
         <object_component_ref idref="oc-1f1"/>
      </symbol>
      <symbol id="sm-5ba">
         <name>_InitDACx</name>
         <value>0x13ab7</value>
         <object_component_ref idref="oc-1f1"/>
      </symbol>
      <symbol id="sm-5e1">
         <name>_InitGpioTZ</name>
         <value>0x12157</value>
         <object_component_ref idref="oc-1e6"/>
      </symbol>
      <symbol id="sm-5e2">
         <name>_out_test</name>
         <value>0xaa64</value>
         <object_component_ref idref="oc-16a"/>
      </symbol>
      <symbol id="sm-5e3">
         <name>_c1fx</name>
         <value>0xaa44</value>
         <object_component_ref idref="oc-16a"/>
      </symbol>
      <symbol id="sm-5e4">
         <name>_c1fp</name>
         <value>0xaa50</value>
         <object_component_ref idref="oc-16a"/>
      </symbol>
      <symbol id="sm-5e5">
         <name>_epwm3_int_isr</name>
         <value>0x12dd3</value>
         <object_component_ref idref="oc-16b"/>
      </symbol>
      <symbol id="sm-5e6">
         <name>_initEPWMxASyncSOC</name>
         <value>0x123df</value>
         <object_component_ref idref="oc-1e6"/>
      </symbol>
      <symbol id="sm-5e7">
         <name>_yk</name>
         <value>0xaa62</value>
         <object_component_ref idref="oc-16a"/>
      </symbol>
      <symbol id="sm-5e8">
         <name>_ang_per_div</name>
         <value>0xaa66</value>
         <object_component_ref idref="oc-16a"/>
      </symbol>
      <symbol id="sm-5e9">
         <name>_byte_spi1</name>
         <value>0xaa41</value>
         <object_component_ref idref="oc-16a"/>
      </symbol>
      <symbol id="sm-5ea">
         <name>_byte_spi2</name>
         <value>0xaa40</value>
         <object_component_ref idref="oc-16a"/>
      </symbol>
      <symbol id="sm-5eb">
         <name>_uk</name>
         <value>0xaa56</value>
         <object_component_ref idref="oc-16a"/>
      </symbol>
      <symbol id="sm-5ec">
         <name>_initEPWMxSyncIn</name>
         <value>0x123c4</value>
         <object_component_ref idref="oc-1e6"/>
      </symbol>
      <symbol id="sm-5ed">
         <name>_rk</name>
         <value>0xaa5c</value>
         <object_component_ref idref="oc-16a"/>
      </symbol>
      <symbol id="sm-5ee">
         <name>_initEPWMxBSyncSOC</name>
         <value>0x1240f</value>
         <object_component_ref idref="oc-1e6"/>
      </symbol>
      <symbol id="sm-5ef">
         <name>_angl_adr_msg</name>
         <value>0xaa43</value>
         <object_component_ref idref="oc-16a"/>
      </symbol>
      <symbol id="sm-5f0">
         <name>_initEPWMxSyncOut</name>
         <value>0x123d7</value>
         <object_component_ref idref="oc-1e6"/>
      </symbol>
      <symbol id="sm-5f1">
         <name>_initEPWMxMODE</name>
         <value>0x122e7</value>
         <object_component_ref idref="oc-1e6"/>
      </symbol>
      <symbol id="sm-5f2">
         <name>_glob_cnt1</name>
         <value>0xaa58</value>
         <object_component_ref idref="oc-16a"/>
      </symbol>
      <symbol id="sm-5f3">
         <name>_epwm1_tzint_isr</name>
         <value>0x12f0f</value>
         <object_component_ref idref="oc-16b"/>
      </symbol>
      <symbol id="sm-5f4">
         <name>_initEPWMxB</name>
         <value>0x1237a</value>
         <object_component_ref idref="oc-1e6"/>
      </symbol>
      <symbol id="sm-5f5">
         <name>_initEPWMxA</name>
         <value>0x1235c</value>
         <object_component_ref idref="oc-1e6"/>
      </symbol>
      <symbol id="sm-5f6">
         <name>_InitGpioEPWM</name>
         <value>0x124c0</value>
         <object_component_ref idref="oc-1e6"/>
      </symbol>
      <symbol id="sm-5f7">
         <name>_out_test_float</name>
         <value>0xaa4e</value>
         <object_component_ref idref="oc-16a"/>
      </symbol>
      <symbol id="sm-5f8">
         <name>_lk</name>
         <value>0xaa60</value>
         <object_component_ref idref="oc-16a"/>
      </symbol>
      <symbol id="sm-5f9">
         <name>_InitGpioGS</name>
         <value>0x121b0</value>
         <object_component_ref idref="oc-1e6"/>
      </symbol>
      <symbol id="sm-5fa">
         <name>_angl_get_arr</name>
         <value>0xaa6a</value>
         <object_component_ref idref="oc-16a"/>
      </symbol>
      <symbol id="sm-5fb">
         <name>_IdleLoopCount</name>
         <value>0xaa48</value>
         <object_component_ref idref="oc-16a"/>
      </symbol>
      <symbol id="sm-5fc">
         <name>_cntpwm</name>
         <value>0xaa52</value>
         <object_component_ref idref="oc-16a"/>
      </symbol>
      <symbol id="sm-5fd">
         <name>_in_test</name>
         <value>0xaa68</value>
         <object_component_ref idref="oc-16a"/>
      </symbol>
      <symbol id="sm-5fe">
         <name>_byte_cnt</name>
         <value>0xaa42</value>
         <object_component_ref idref="oc-16a"/>
      </symbol>
      <symbol id="sm-5ff">
         <name>_IsrCount</name>
         <value>0xaa5e</value>
         <object_component_ref idref="oc-16a"/>
      </symbol>
      <symbol id="sm-600">
         <name>_curr2_test</name>
         <value>0xaa80</value>
         <object_component_ref idref="oc-16a"/>
      </symbol>
      <symbol id="sm-601">
         <name>_curr1_test</name>
         <value>0xab00</value>
         <object_component_ref idref="oc-16a"/>
      </symbol>
      <symbol id="sm-602">
         <name>_divider</name>
         <value>0xaa4c</value>
         <object_component_ref idref="oc-16a"/>
      </symbol>
      <symbol id="sm-603">
         <name>_c2fx</name>
         <value>0xaa4a</value>
         <object_component_ref idref="oc-16a"/>
      </symbol>
      <symbol id="sm-604">
         <name>_c2fp</name>
         <value>0xaa46</value>
         <object_component_ref idref="oc-16a"/>
      </symbol>
      <symbol id="sm-605">
         <name>_initEPWM</name>
         <value>0x1243f</value>
         <object_component_ref idref="oc-1e6"/>
      </symbol>
      <symbol id="sm-606">
         <name>_initEPWMxInt</name>
         <value>0x1239a</value>
         <object_component_ref idref="oc-1e6"/>
      </symbol>
      <symbol id="sm-607">
         <name>_initEPWMxAB</name>
         <value>0x122fd</value>
         <object_component_ref idref="oc-1e6"/>
      </symbol>
      <symbol id="sm-608">
         <name>_InitTZ</name>
         <value>0x1216e</value>
         <object_component_ref idref="oc-1e6"/>
      </symbol>
      <symbol id="sm-609">
         <name>_InitGpioEPWM8</name>
         <value>0x12294</value>
         <object_component_ref idref="oc-1e6"/>
      </symbol>
      <symbol id="sm-60a">
         <name>_InitGpioEPWM3</name>
         <value>0x12248</value>
         <object_component_ref idref="oc-1e6"/>
      </symbol>
      <symbol id="sm-60b">
         <name>_InitGpioEPWM2</name>
         <value>0x12236</value>
         <object_component_ref idref="oc-1e6"/>
      </symbol>
      <symbol id="sm-60c">
         <name>_InitGpioEPWM1</name>
         <value>0x12224</value>
         <object_component_ref idref="oc-1e6"/>
      </symbol>
      <symbol id="sm-60d">
         <name>_InitGpioEPWM6</name>
         <value>0x12282</value>
         <object_component_ref idref="oc-1e6"/>
      </symbol>
      <symbol id="sm-60e">
         <name>_InitGpioEPWM5</name>
         <value>0x12270</value>
         <object_component_ref idref="oc-1e6"/>
      </symbol>
      <symbol id="sm-60f">
         <name>_InitGpioEPWM4</name>
         <value>0x1225c</value>
         <object_component_ref idref="oc-1e6"/>
      </symbol>
      <symbol id="sm-610">
         <name>_initEPWM1</name>
         <value>0x122a8</value>
         <object_component_ref idref="oc-1e6"/>
      </symbol>
      <symbol id="sm-620">
         <name>_DMA_force_buf</name>
         <value>0xc080</value>
         <object_component_ref idref="oc-173"/>
      </symbol>
      <symbol id="sm-621">
         <name>_forces</name>
         <value>0xac44</value>
         <object_component_ref idref="oc-172"/>
      </symbol>
      <symbol id="sm-622">
         <name>_force1</name>
         <value>0xac40</value>
         <object_component_ref idref="oc-172"/>
      </symbol>
      <symbol id="sm-623">
         <name>_force2</name>
         <value>0xac42</value>
         <object_component_ref idref="oc-172"/>
      </symbol>
      <symbol id="sm-62b">
         <name>_voltage</name>
         <value>0xc100</value>
         <object_component_ref idref="oc-179"/>
      </symbol>
      <symbol id="sm-637">
         <name>_InitGpioLED</name>
         <value>0x13a8e</value>
         <object_component_ref idref="oc-1f0"/>
      </symbol>
      <symbol id="sm-64e">
         <name>_main</name>
         <value>0x13747</value>
         <object_component_ref idref="oc-1e8"/>
      </symbol>
      <symbol id="sm-64f">
         <name>_InitGpioUsed</name>
         <value>0x1385b</value>
         <object_component_ref idref="oc-1e8"/>
      </symbol>
      <symbol id="sm-650">
         <name>_pwm2</name>
         <value>0xac36</value>
         <object_component_ref idref="oc-182"/>
      </symbol>
      <symbol id="sm-651">
         <name>_pwm3</name>
         <value>0xac32</value>
         <object_component_ref idref="oc-182"/>
      </symbol>
      <symbol id="sm-652">
         <name>_pwm1</name>
         <value>0xac38</value>
         <object_component_ref idref="oc-182"/>
      </symbol>
      <symbol id="sm-653">
         <name>_pwm4</name>
         <value>0xac34</value>
         <object_component_ref idref="oc-182"/>
      </symbol>
      <symbol id="sm-654">
         <name>_freq_cpu_res</name>
         <value>0xac3a</value>
         <object_component_ref idref="oc-182"/>
      </symbol>
      <symbol id="sm-655">
         <name>_DacaVal</name>
         <value>0xac30</value>
         <object_component_ref idref="oc-182"/>
      </symbol>
      <symbol id="sm-656">
         <name>_gpio9</name>
         <value>0xac2f</value>
         <object_component_ref idref="oc-182"/>
      </symbol>
      <symbol id="sm-657">
         <name>_gpio8</name>
         <value>0xac2e</value>
         <object_component_ref idref="oc-182"/>
      </symbol>
      <symbol id="sm-658">
         <name>_DacbVal</name>
         <value>0xac31</value>
         <object_component_ref idref="oc-182"/>
      </symbol>
      <symbol id="sm-659">
         <name>_i</name>
         <value>0xac3c</value>
         <object_component_ref idref="oc-182"/>
      </symbol>
      <symbol id="sm-66d">
         <name>_InitGpioSPIA</name>
         <value>0x138ae</value>
         <object_component_ref idref="oc-1f4"/>
      </symbol>
      <symbol id="sm-66e">
         <name>_InitGpioSPIB</name>
         <value>0x138d4</value>
         <object_component_ref idref="oc-1f4"/>
      </symbol>
      <symbol id="sm-66f">
         <name>_InitSPIA</name>
         <value>0x1389c</value>
         <object_component_ref idref="oc-1f4"/>
      </symbol>
      <symbol id="sm-670">
         <name>_InitSPIB</name>
         <value>0x138a5</value>
         <object_component_ref idref="oc-1f4"/>
      </symbol>
      <symbol id="sm-671">
         <name>_spia_rx_int_isr</name>
         <value>0xb7e3</value>
         <object_component_ref idref="oc-18a"/>
      </symbol>
      <symbol id="sm-672">
         <name>_spia_tx_int_isr</name>
         <value>0xb7c9</value>
         <object_component_ref idref="oc-18a"/>
      </symbol>
      <symbol id="sm-673">
         <name>_InitGpioSPIB_CS</name>
         <value>0x1393c</value>
         <object_component_ref idref="oc-1f4"/>
      </symbol>
      <symbol id="sm-674">
         <name>_InitSPI</name>
         <value>0x13879</value>
         <object_component_ref idref="oc-1f4"/>
      </symbol>
      <symbol id="sm-675">
         <name>_InitGpioSPIA_CS</name>
         <value>0x13904</value>
         <object_component_ref idref="oc-1f4"/>
      </symbol>
      <symbol id="sm-681">
         <name>_cpu_timer0_isr</name>
         <value>0x13b1a</value>
         <object_component_ref idref="oc-190"/>
      </symbol>
      <symbol id="sm-69d">
         <name>_SysCtl_delay</name>
         <value>0x34e</value>
         <object_component_ref idref="oc-19c"/>
      </symbol>
      <symbol id="sm-6a9">
         <name>_FIR32_init</name>
         <value>0x13a44</value>
         <object_component_ref idref="oc-1a2"/>
      </symbol>
      <symbol id="sm-6aa">
         <name>_FIR32_calc</name>
         <value>0x13a54</value>
         <object_component_ref idref="oc-1a2"/>
      </symbol>
      <symbol id="sm-6b2">
         <name>FS$$DIV</name>
         <value>0x13b01</value>
         <object_component_ref idref="oc-1a6"/>
      </symbol>
      <symbol id="sm-6cd">
         <name>_c_int00</name>
         <value>0x13976</value>
         <object_component_ref idref="oc-98"/>
      </symbol>
      <symbol id="sm-6ce">
         <name>__stack</name>
         <value>0x400</value>
         <object_component_ref idref="oc-1aa"/>
      </symbol>
      <symbol id="sm-6da">
         <name>UL$$MOD</name>
         <value>0x12fe7</value>
         <object_component_ref idref="oc-1b0"/>
      </symbol>
      <symbol id="sm-6db">
         <name>L$$MOD</name>
         <value>0x12fd2</value>
         <object_component_ref idref="oc-1b0"/>
      </symbol>
      <symbol id="sm-6dc">
         <name>L$$DIV</name>
         <value>0x12fc3</value>
         <object_component_ref idref="oc-1b0"/>
      </symbol>
      <symbol id="sm-6dd">
         <name>UL$$DIV</name>
         <value>0x12fe0</value>
         <object_component_ref idref="oc-1b0"/>
      </symbol>
      <symbol id="sm-6ec">
         <name>_copy_in</name>
         <value>0x13a6a</value>
         <object_component_ref idref="oc-1e0"/>
      </symbol>
      <symbol id="sm-6fd">
         <name>_memcpy</name>
         <value>0x13acb</value>
         <object_component_ref idref="oc-1e7"/>
      </symbol>
      <symbol id="sm-709">
         <name>__system_pre_init</name>
         <value>0x3fe</value>
         <object_component_ref idref="oc-1df"/>
      </symbol>
      <symbol id="sm-716">
         <name>__system_post_cinit</name>
         <value>0xb7ff</value>
         <object_component_ref idref="oc-1e1"/>
      </symbol>
      <symbol id="sm-72a">
         <name>C$$EXIT</name>
         <value>0x139cc</value>
         <object_component_ref idref="oc-1e3"/>
      </symbol>
      <symbol id="sm-72b">
         <name>_exit</name>
         <value>0x139ce</value>
         <object_component_ref idref="oc-1e3"/>
      </symbol>
      <symbol id="sm-72c">
         <name>___TI_cleanup_ptr</name>
         <value>0xac48</value>
         <object_component_ref idref="oc-1cb"/>
      </symbol>
      <symbol id="sm-72d">
         <name>___TI_enable_exit_profile_output</name>
         <value>0xac46</value>
         <object_component_ref idref="oc-1cb"/>
      </symbol>
      <symbol id="sm-72e">
         <name>_abort</name>
         <value>0x139cc</value>
         <object_component_ref idref="oc-1e3"/>
      </symbol>
      <symbol id="sm-72f">
         <name>___TI_dtors_ptr</name>
         <value>0xac4a</value>
         <object_component_ref idref="oc-1cb"/>
      </symbol>
      <symbol id="sm-743">
         <name>__unlock</name>
         <value>0xac4c</value>
         <object_component_ref idref="oc-1fc"/>
      </symbol>
      <symbol id="sm-744">
         <name>__lock</name>
         <value>0xaa3e</value>
         <object_component_ref idref="oc-1e9"/>
      </symbol>
      <symbol id="sm-745">
         <name>__register_lock</name>
         <value>0x3f9</value>
         <object_component_ref idref="oc-1f5"/>
      </symbol>
      <symbol id="sm-746">
         <name>__nop</name>
         <value>0x3fd</value>
         <object_component_ref idref="oc-1f5"/>
      </symbol>
      <symbol id="sm-747">
         <name>__register_unlock</name>
         <value>0x3f5</value>
         <object_component_ref idref="oc-1f5"/>
      </symbol>
      <symbol id="sm-756">
         <name>__args_main</name>
         <value>0x13ae8</value>
         <object_component_ref idref="oc-1e2"/>
      </symbol>
      <symbol id="sm-767">
         <name>_FIR_FP_calc</name>
         <value>0x3ca</value>
         <object_component_ref idref="oc-1da"/>
      </symbol>
      <symbol id="sm-768">
         <name>_FIR_FP_init</name>
         <value>0x3be</value>
         <object_component_ref idref="oc-1da"/>
      </symbol>
   </symbol_table>
   <title>Link successful</title>
</link_info>
